MemTotal:       264059032 kB
MemFree:        190212944 kB
MemAvailable:   189657792 kB
Buffers:            4696 kB
Cached:           803552 kB
SwapCached:            0 kB
Active:           816952 kB
Inactive:         109352 kB
Active(anon):     118768 kB
Inactive(anon):    10456 kB
Active(file):     698184 kB
Inactive(file):    98896 kB
Unevictable:           0 kB
Mlocked:               0 kB
SwapTotal:      33459196 kB
SwapFree:       33459196 kB
Dirty:               416 kB
Writeback:             0 kB
AnonPages:        119064 kB
Mapped:            88904 kB
Shmem:             10456 kB
Slab:            5253044 kB
SReclaimable:     277176 kB
SUnreclaim:      4975868 kB
KernelStack:        9680 kB
PageTables:        13112 kB
NFS_Unstable:          0 kB
Bounce:                0 kB
WritebackTmp:          0 kB
CommitLimit:    165488712 kB
Committed_AS:    1067376 kB
VmallocTotal:   34359738367 kB
VmallocUsed:           0 kB
VmallocChunk:          0 kB
HardwareCorrupted:     0 kB
AnonHugePages:     22528 kB
ShmemHugePages:        0 kB
ShmemPmdMapped:        0 kB
CmaTotal:              0 kB
CmaFree:               0 kB
HugePages_Total:       0
HugePages_Free:        0
HugePages_Rsvd:        0
HugePages_Surp:        0
Hugepagesize:       2048 kB
DirectMap4k:     3131968 kB
DirectMap2M:    102678528 kB
DirectMap1G:    162529280 kB
