MemTotal:       264059032 kB
MemFree:        193336544 kB
MemAvailable:   192759736 kB
Buffers:            4220 kB
Cached:           785448 kB
SwapCached:            0 kB
Active:           825976 kB
Inactive:          79944 kB
Active(anon):     116840 kB
Inactive(anon):    10452 kB
Active(file):     709136 kB
Inactive(file):    69492 kB
Unevictable:           0 kB
Mlocked:               0 kB
SwapTotal:      33459196 kB
SwapFree:       33459196 kB
Dirty:                 0 kB
Writeback:             4 kB
AnonPages:        116376 kB
Mapped:            88644 kB
Shmem:             10452 kB
Slab:            2154908 kB
SReclaimable:     270768 kB
SUnreclaim:      1884140 kB
KernelStack:        9776 kB
PageTables:        13464 kB
NFS_Unstable:          0 kB
Bounce:                0 kB
WritebackTmp:          0 kB
CommitLimit:    165488712 kB
Committed_AS:     958436 kB
VmallocTotal:   34359738367 kB
VmallocUsed:           0 kB
VmallocChunk:          0 kB
HardwareCorrupted:     0 kB
AnonHugePages:     24576 kB
ShmemHugePages:        0 kB
ShmemPmdMapped:        0 kB
CmaTotal:              0 kB
CmaFree:               0 kB
HugePages_Total:       0
HugePages_Free:        0
HugePages_Rsvd:        0
HugePages_Surp:        0
Hugepagesize:       2048 kB
DirectMap4k:      807488 kB
DirectMap2M:    66205696 kB
DirectMap1G:    201326592 kB
