MemTotal:       264059032 kB
MemFree:        190450452 kB
MemAvailable:   190046996 kB
Buffers:          172392 kB
Cached:           785284 kB
SwapCached:            0 kB
Active:           839208 kB
Inactive:         236976 kB
Active(anon):     118980 kB
Inactive(anon):    10456 kB
Active(file):     720228 kB
Inactive(file):   226520 kB
Unevictable:           0 kB
Mlocked:               0 kB
SwapTotal:      33459196 kB
SwapFree:       33459196 kB
Dirty:               644 kB
Writeback:             0 kB
AnonPages:        118548 kB
Mapped:            88672 kB
Shmem:             10456 kB
Slab:            4867960 kB
SReclaimable:     281228 kB
SUnreclaim:      4586732 kB
KernelStack:        9808 kB
PageTables:        13372 kB
NFS_Unstable:          0 kB
Bounce:                0 kB
WritebackTmp:          0 kB
CommitLimit:    165488712 kB
Committed_AS:     927080 kB
VmallocTotal:   34359738367 kB
VmallocUsed:           0 kB
VmallocChunk:          0 kB
HardwareCorrupted:     0 kB
AnonHugePages:     24576 kB
ShmemHugePages:        0 kB
ShmemPmdMapped:        0 kB
CmaTotal:              0 kB
CmaFree:               0 kB
HugePages_Total:       0
HugePages_Free:        0
HugePages_Rsvd:        0
HugePages_Surp:        0
Hugepagesize:       2048 kB
DirectMap4k:     2851392 kB
DirectMap2M:    93521920 kB
DirectMap1G:    171966464 kB
