MemTotal:       264059032 kB
MemFree:        190734292 kB
MemAvailable:   189821336 kB
Buffers:            4200 kB
Cached:           162576 kB
SwapCached:            0 kB
Active:           227304 kB
Inactive:          58192 kB
Active(anon):     119704 kB
Inactive(anon):    10456 kB
Active(file):     107600 kB
Inactive(file):    47736 kB
Unevictable:           0 kB
Mlocked:               0 kB
SwapTotal:      33459196 kB
SwapFree:       33459196 kB
Dirty:              1196 kB
Writeback:             0 kB
AnonPages:        119484 kB
Mapped:            88932 kB
Shmem:             10456 kB
Slab:            5351520 kB
SReclaimable:     292144 kB
SUnreclaim:      5059376 kB
KernelStack:        8960 kB
PageTables:        13776 kB
NFS_Unstable:          0 kB
Bounce:                0 kB
WritebackTmp:          0 kB
CommitLimit:    165488712 kB
Committed_AS:     873540 kB
VmallocTotal:   34359738367 kB
VmallocUsed:           0 kB
VmallocChunk:          0 kB
HardwareCorrupted:     0 kB
AnonHugePages:     24576 kB
ShmemHugePages:        0 kB
ShmemPmdMapped:        0 kB
CmaTotal:              0 kB
CmaFree:               0 kB
HugePages_Total:       0
HugePages_Free:        0
HugePages_Rsvd:        0
HugePages_Surp:        0
Hugepagesize:       2048 kB
DirectMap4k:     3252800 kB
DirectMap2M:    102557696 kB
DirectMap1G:    162529280 kB
