MemTotal:       264059032 kB
MemFree:        191519940 kB
MemAvailable:   191293440 kB
Buffers:          950816 kB
Cached:           162672 kB
SwapCached:            0 kB
Active:           227036 kB
Inactive:        1005020 kB
Active(anon):     118796 kB
Inactive(anon):    10456 kB
Active(file):     108240 kB
Inactive(file):   994564 kB
Unevictable:           0 kB
Mlocked:               0 kB
SwapTotal:      33459196 kB
SwapFree:       33459196 kB
Dirty:              1740 kB
Writeback:             0 kB
AnonPages:        118884 kB
Mapped:            88676 kB
Shmem:             10456 kB
Slab:            3634452 kB
SReclaimable:     323028 kB
SUnreclaim:      3311424 kB
KernelStack:        8864 kB
PageTables:        13368 kB
NFS_Unstable:          0 kB
Bounce:                0 kB
WritebackTmp:          0 kB
CommitLimit:    165488712 kB
Committed_AS:     780968 kB
VmallocTotal:   34359738367 kB
VmallocUsed:           0 kB
VmallocChunk:          0 kB
HardwareCorrupted:     0 kB
AnonHugePages:     24576 kB
ShmemHugePages:        0 kB
ShmemPmdMapped:        0 kB
CmaTotal:              0 kB
CmaFree:               0 kB
HugePages_Total:       0
HugePages_Free:        0
HugePages_Rsvd:        0
HugePages_Surp:        0
Hugepagesize:       2048 kB
DirectMap4k:     2558528 kB
DirectMap2M:    93814784 kB
DirectMap1G:    171966464 kB
