MemTotal:       264059032 kB
MemFree:        193920244 kB
MemAvailable:   193218676 kB
Buffers:          450496 kB
Cached:           157884 kB
SwapCached:            0 kB
Active:           222492 kB
Inactive:         503132 kB
Active(anon):     116732 kB
Inactive(anon):    10452 kB
Active(file):     105760 kB
Inactive(file):   492680 kB
Unevictable:           0 kB
Mlocked:               0 kB
SwapTotal:      33459196 kB
SwapFree:       33459196 kB
Dirty:               176 kB
Writeback:             0 kB
AnonPages:        116224 kB
Mapped:            88816 kB
Shmem:             10452 kB
Slab:            1753812 kB
SReclaimable:     271816 kB
SUnreclaim:      1481996 kB
KernelStack:       10480 kB
PageTables:        13240 kB
NFS_Unstable:          0 kB
Bounce:                0 kB
WritebackTmp:          0 kB
CommitLimit:    165488712 kB
Committed_AS:     851652 kB
VmallocTotal:   34359738367 kB
VmallocUsed:           0 kB
VmallocChunk:          0 kB
HardwareCorrupted:     0 kB
AnonHugePages:     24576 kB
ShmemHugePages:        0 kB
ShmemPmdMapped:        0 kB
CmaTotal:              0 kB
CmaFree:               0 kB
HugePages_Total:       0
HugePages_Free:        0
HugePages_Rsvd:        0
HugePages_Surp:        0
Hugepagesize:       2048 kB
DirectMap4k:      614976 kB
DirectMap2M:    41232384 kB
DirectMap1G:    226492416 kB
