MemTotal:       264059032 kB
MemFree:        190779364 kB
MemAvailable:   190088672 kB
Buffers:          451412 kB
Cached:           158004 kB
SwapCached:            0 kB
Active:           225304 kB
Inactive:         502668 kB
Active(anon):     118784 kB
Inactive(anon):    10456 kB
Active(file):     106520 kB
Inactive(file):   492212 kB
Unevictable:           0 kB
Mlocked:               0 kB
SwapTotal:      33459196 kB
SwapFree:       33459196 kB
Dirty:                72 kB
Writeback:             4 kB
AnonPages:        118312 kB
Mapped:            88628 kB
Shmem:             10456 kB
Slab:            4883596 kB
SReclaimable:     293272 kB
SUnreclaim:      4590324 kB
KernelStack:       10208 kB
PageTables:        13324 kB
NFS_Unstable:          0 kB
Bounce:                0 kB
WritebackTmp:          0 kB
CommitLimit:    165488712 kB
Committed_AS:     965556 kB
VmallocTotal:   34359738367 kB
VmallocUsed:           0 kB
VmallocChunk:          0 kB
HardwareCorrupted:     0 kB
AnonHugePages:     22528 kB
ShmemHugePages:        0 kB
ShmemPmdMapped:        0 kB
CmaTotal:              0 kB
CmaFree:               0 kB
HugePages_Total:       0
HugePages_Free:        0
HugePages_Rsvd:        0
HugePages_Surp:        0
Hugepagesize:       2048 kB
DirectMap4k:     2851392 kB
DirectMap2M:    93521920 kB
DirectMap1G:    171966464 kB
