ACPI: LAPIC_NMI (acpi_id[0x19] high level lint[0x1])
ACPI: LAPIC_NMI (acpi_id[0x1a] high level lint[0x1])
ACPI: LAPIC_NMI (acpi_id[0x1b] high level lint[0x1])
ACPI: LAPIC_NMI (acpi_id[0x1c] high level lint[0x1])
ACPI: LAPIC_NMI (acpi_id[0x1d] high level lint[0x1])
ACPI: LAPIC_NMI (acpi_id[0x1e] high level lint[0x1])
ACPI: LAPIC_NMI (acpi_id[0x1f] high level lint[0x1])
ACPI: LAPIC_NMI (acpi_id[0x20] high level lint[0x1])
ACPI: LAPIC_NMI (acpi_id[0x21] high level lint[0x1])
ACPI: LAPIC_NMI (acpi_id[0x22] high level lint[0x1])
ACPI: LAPIC_NMI (acpi_id[0x23] high level lint[0x1])
ACPI: LAPIC_NMI (acpi_id[0x24] high level lint[0x1])
ACPI: LAPIC_NMI (acpi_id[0x25] high level lint[0x1])
ACPI: LAPIC_NMI (acpi_id[0x26] high level lint[0x1])
ACPI: LAPIC_NMI (acpi_id[0x27] high level lint[0x1])
ACPI: LAPIC_NMI (acpi_id[0x28] high level lint[0x1])
ACPI: LAPIC_NMI (acpi_id[0x29] high level lint[0x1])
ACPI: LAPIC_NMI (acpi_id[0x2a] high level lint[0x1])
ACPI: LAPIC_NMI (acpi_id[0x2b] high level lint[0x1])
ACPI: LAPIC_NMI (acpi_id[0x2c] high level lint[0x1])
ACPI: LAPIC_NMI (acpi_id[0x2d] high level lint[0x1])
ACPI: LAPIC_NMI (acpi_id[0x2e] high level lint[0x1])
ACPI: LAPIC_NMI (acpi_id[0x2f] high level lint[0x1])
ACPI: LAPIC_NMI (acpi_id[0x30] high level lint[0x1])
ACPI: LAPIC_NMI (acpi_id[0x31] high level lint[0x1])
ACPI: LAPIC_NMI (acpi_id[0x32] high level lint[0x1])
ACPI: LAPIC_NMI (acpi_id[0x33] high level lint[0x1])
ACPI: LAPIC_NMI (acpi_id[0x34] high level lint[0x1])
ACPI: LAPIC_NMI (acpi_id[0x35] high level lint[0x1])
ACPI: LAPIC_NMI (acpi_id[0x36] high level lint[0x1])
ACPI: LAPIC_NMI (acpi_id[0x37] high level lint[0x1])
ACPI: LAPIC_NMI (acpi_id[0x38] high level lint[0x1])
ACPI: LAPIC_NMI (acpi_id[0x39] high level lint[0x1])
ACPI: LAPIC_NMI (acpi_id[0x3a] high level lint[0x1])
ACPI: LAPIC_NMI (acpi_id[0x3b] high level lint[0x1])
ACPI: LAPIC_NMI (acpi_id[0x3c] high level lint[0x1])
ACPI: LAPIC_NMI (acpi_id[0x3d] high level lint[0x1])
ACPI: LAPIC_NMI (acpi_id[0x3e] high level lint[0x1])
ACPI: LAPIC_NMI (acpi_id[0x3f] high level lint[0x1])
ACPI: LAPIC_NMI (acpi_id[0x40] high level lint[0x1])
ACPI: LAPIC_NMI (acpi_id[0x41] high level lint[0x1])
ACPI: LAPIC_NMI (acpi_id[0x42] high level lint[0x1])
ACPI: LAPIC_NMI (acpi_id[0x43] high level lint[0x1])
ACPI: LAPIC_NMI (acpi_id[0x44] high level lint[0x1])
ACPI: LAPIC_NMI (acpi_id[0x45] high level lint[0x1])
ACPI: LAPIC_NMI (acpi_id[0x46] high level lint[0x1])
ACPI: LAPIC_NMI (acpi_id[0x47] high level lint[0x1])
ACPI: LAPIC_NMI (acpi_id[0x48] high level lint[0x1])
ACPI: LAPIC_NMI (acpi_id[0x49] high level lint[0x1])
ACPI: LAPIC_NMI (acpi_id[0x4a] high level lint[0x1])
ACPI: LAPIC_NMI (acpi_id[0x4b] high level lint[0x1])
ACPI: LAPIC_NMI (acpi_id[0x4c] high level lint[0x1])
ACPI: LAPIC_NMI (acpi_id[0x4d] high level lint[0x1])
ACPI: LAPIC_NMI (acpi_id[0x4e] high level lint[0x1])
ACPI: LAPIC_NMI (acpi_id[0x4f] high level lint[0x1])
ACPI: LAPIC_NMI (acpi_id[0x50] high level lint[0x1])
ACPI: LAPIC_NMI (acpi_id[0x51] high level lint[0x1])
ACPI: LAPIC_NMI (acpi_id[0x52] high level lint[0x1])
ACPI: LAPIC_NMI (acpi_id[0x53] high level lint[0x1])
ACPI: LAPIC_NMI (acpi_id[0x54] high level lint[0x1])
ACPI: LAPIC_NMI (acpi_id[0x55] high level lint[0x1])
ACPI: LAPIC_NMI (acpi_id[0x56] high level lint[0x1])
ACPI: LAPIC_NMI (acpi_id[0x57] high level lint[0x1])
ACPI: LAPIC_NMI (acpi_id[0x58] high level lint[0x1])
ACPI: LAPIC_NMI (acpi_id[0x59] high level lint[0x1])
ACPI: LAPIC_NMI (acpi_id[0x5a] high level lint[0x1])
ACPI: LAPIC_NMI (acpi_id[0x5b] high level lint[0x1])
ACPI: LAPIC_NMI (acpi_id[0x5c] high level lint[0x1])
ACPI: LAPIC_NMI (acpi_id[0x5d] high level lint[0x1])
ACPI: LAPIC_NMI (acpi_id[0x5e] high level lint[0x1])
ACPI: LAPIC_NMI (acpi_id[0x5f] high level lint[0x1])
ACPI: LAPIC_NMI (acpi_id[0x60] high level lint[0x1])
ACPI: LAPIC_NMI (acpi_id[0x61] high level lint[0x1])
ACPI: LAPIC_NMI (acpi_id[0x62] high level lint[0x1])
ACPI: LAPIC_NMI (acpi_id[0x63] high level lint[0x1])
ACPI: LAPIC_NMI (acpi_id[0x64] high level lint[0x1])
ACPI: LAPIC_NMI (acpi_id[0x65] high level lint[0x1])
ACPI: LAPIC_NMI (acpi_id[0x66] high level lint[0x1])
ACPI: LAPIC_NMI (acpi_id[0x67] high level lint[0x1])
ACPI: LAPIC_NMI (acpi_id[0x68] high level lint[0x1])
ACPI: LAPIC_NMI (acpi_id[0x69] high level lint[0x1])
ACPI: LAPIC_NMI (acpi_id[0x6a] high level lint[0x1])
ACPI: LAPIC_NMI (acpi_id[0x6b] high level lint[0x1])
ACPI: LAPIC_NMI (acpi_id[0x6c] high level lint[0x1])
ACPI: LAPIC_NMI (acpi_id[0x6d] high level lint[0x1])
ACPI: LAPIC_NMI (acpi_id[0x6e] high level lint[0x1])
ACPI: LAPIC_NMI (acpi_id[0x6f] high level lint[0x1])
ACPI: LAPIC_NMI (acpi_id[0x70] high level lint[0x1])
ACPI: LAPIC_NMI (acpi_id[0x71] high level lint[0x1])
ACPI: LAPIC_NMI (acpi_id[0x72] high level lint[0x1])
ACPI: LAPIC_NMI (acpi_id[0x73] high level lint[0x1])
ACPI: LAPIC_NMI (acpi_id[0x74] high level lint[0x1])
ACPI: LAPIC_NMI (acpi_id[0x75] high level lint[0x1])
ACPI: LAPIC_NMI (acpi_id[0x76] high level lint[0x1])
ACPI: LAPIC_NMI (acpi_id[0x77] high level lint[0x1])
ACPI: LAPIC_NMI (acpi_id[0x78] high level lint[0x1])
ACPI: LAPIC_NMI (acpi_id[0x79] high level lint[0x1])
ACPI: LAPIC_NMI (acpi_id[0x7a] high level lint[0x1])
ACPI: LAPIC_NMI (acpi_id[0x7b] high level lint[0x1])
ACPI: LAPIC_NMI (acpi_id[0x7c] high level lint[0x1])
ACPI: LAPIC_NMI (acpi_id[0x7c] high level lint[0x1])
ACPI: LAPIC_NMI (acpi_id[0x7d] high level lint[0x1])
ACPI: LAPIC_NMI (acpi_id[0x7e] high level lint[0x1])
ACPI: LAPIC_NMI (acpi_id[0x7f] high level lint[0x1])
ACPI: LAPIC_NMI (acpi_id[0x80] high level lint[0x1])
ACPI: LAPIC_NMI (acpi_id[0x81] high level lint[0x1])
ACPI: LAPIC_NMI (acpi_id[0x82] high level lint[0x1])
ACPI: LAPIC_NMI (acpi_id[0x83] high level lint[0x1])
ACPI: LAPIC_NMI (acpi_id[0x84] high level lint[0x1])
ACPI: LAPIC_NMI (acpi_id[0x85] high level lint[0x1])
ACPI: LAPIC_NMI (acpi_id[0x86] high level lint[0x1])
ACPI: LAPIC_NMI (acpi_id[0x87] high level lint[0x1])
ACPI: LAPIC_NMI (acpi_id[0x88] high level lint[0x1])
ACPI: LAPIC_NMI (acpi_id[0x89] high level lint[0x1])
ACPI: LAPIC_NMI (acpi_id[0x8a] high level lint[0x1])
ACPI: LAPIC_NMI (acpi_id[0x8b] high level lint[0x1])
ACPI: LAPIC_NMI (acpi_id[0x8c] high level lint[0x1])
ACPI: LAPIC_NMI (acpi_id[0x8d] high level lint[0x1])
ACPI: LAPIC_NMI (acpi_id[0x8f] high level lint[0x1])
ACPI: LAPIC_NMI (acpi_id[0x90] high level lint[0x1])
ACPI: LAPIC_NMI (acpi_id[0x91] high level lint[0x1])
ACPI: LAPIC_NMI (acpi_id[0x92] high level lint[0x1])
ACPI: LAPIC_NMI (acpi_id[0x93] high level lint[0x1])
ACPI: LAPIC_NMI (acpi_id[0x94] high level lint[0x1])
ACPI: LAPIC_NMI (acpi_id[0x95] high level lint[0x1])
ACPI: LAPIC_NMI (acpi_id[0x96] high level lint[0x1])
ACPI: LAPIC_NMI (acpi_id[0x97] high level lint[0x1])
ACPI: LAPIC_NMI (acpi_id[0x98] high level lint[0x1])
ACPI: LAPIC_NMI (acpi_id[0x99] high level lint[0x1])
ACPI: LAPIC_NMI (acpi_id[0x9a] high level lint[0x1])
ACPI: LAPIC_NMI (acpi_id[0x9b] high level lint[0x1])
ACPI: LAPIC_NMI (acpi_id[0x9c] high level lint[0x1])
ACPI: LAPIC_NMI (acpi_id[0x9d] high level lint[0x1])
ACPI: LAPIC_NMI (acpi_id[0x9e] high level lint[0x1])
ACPI: LAPIC_NMI (acpi_id[0x9f] high level lint[0x1])
ACPI: LAPIC_NMI (acpi_id[0xa0] high level lint[0x1])
ACPI: LAPIC_NMI (acpi_id[0xa1] high level lint[0x1])
ACPI: LAPIC_NMI (acpi_id[0xa2] high level lint[0x1])
ACPI: LAPIC_NMI (acpi_id[0xa3] high level lint[0x1])
ACPI: LAPIC_NMI (acpi_id[0xa4] high level lint[0x1])
ACPI: LAPIC_NMI (acpi_id[0xa5] high level lint[0x1])
ACPI: LAPIC_NMI (acpi_id[0xa6] high level lint[0x1])
ACPI: LAPIC_NMI (acpi_id[0xa7] high level lint[0x1])
ACPI: LAPIC_NMI (acpi_id[0xa8] high level lint[0x1])
ACPI: LAPIC_NMI (acpi_id[0xa9] high level lint[0x1])
ACPI: LAPIC_NMI (acpi_id[0xaa] high level lint[0x1])
ACPI: LAPIC_NMI (acpi_id[0xab] high level lint[0x1])
ACPI: LAPIC_NMI (acpi_id[0xac] high level lint[0x1])
ACPI: LAPIC_NMI (acpi_id[0xad] high level lint[0x1])
ACPI: LAPIC_NMI (acpi_id[0xae] high level lint[0x1])
ACPI: LAPIC_NMI (acpi_id[0xaf] high level lint[0x1])
ACPI: LAPIC_NMI (acpi_id[0xb0] high level lint[0x1])
ACPI: LAPIC_NMI (acpi_id[0xb1] high level lint[0x1])
ACPI: LAPIC_NMI (acpi_id[0xb2] high level lint[0x1])
ACPI: LAPIC_NMI (acpi_id[0xb3] high level lint[0x1])
ACPI: LAPIC_NMI (acpi_id[0xb4] high level lint[0x1])
ACPI: LAPIC_NMI (acpi_id[0xb5] high level lint[0x1])
ACPI: LAPIC_NMI (acpi_id[0xb6] high level lint[0x1])
ACPI: LAPIC_NMI (acpi_id[0xb7] high level lint[0x1])
ACPI: LAPIC_NMI (acpi_id[0xb8] high level lint[0x1])
ACPI: LAPIC_NMI (acpi_id[0xb9] high level lint[0x1])
ACPI: LAPIC_NMI (acpi_id[0xba] high level lint[0x1])
ACPI: LAPIC_NMI (acpi_id[0xbb] high level lint[0x1])
ACPI: LAPIC_NMI (acpi_id[0xbc] high level lint[0x1])
ACPI: LAPIC_NMI (acpi_id[0xbd] high level lint[0x1])
ACPI: LAPIC_NMI (acpi_id[0xbe] high level lint[0x1])
ACPI: LAPIC_NMI (acpi_id[0xbf] high level lint[0x1])
IOAPIC[0]: apic_id 8, version 32, address 0xfec00000, GSI 0-23
IOAPIC[1]: apic_id 9, version 32, address 0xfec01000, GSI 24-47
IOAPIC[2]: apic_id 10, version 32, address 0xfec40000, GSI 48-71
ACPI: INT_SRC_OVR (bus 0 bus_irq 0 global_irq 2 dfl dfl)
ACPI: INT_SRC_OVR (bus 0 bus_irq 9 global_irq 9 high level)
ACPI: IRQ0 used by override.
ACPI: IRQ9 used by override.
Using ACPI (MADT) for SMP configuration information
ACPI: HPET id: 0x8086a701 base: 0xfed00000
smpboot: Allowing 32 CPUs, 0 hotplug CPUs
PM: Registered nosave memory: [mem 0x00000000-0x00000fff]
PM: Registered nosave memory: [mem 0x000a0000-0x000bffff]
PM: Registered nosave memory: [mem 0x000c0000-0x0010ffff]
PM: Registered nosave memory: [mem 0xc7a30000-0xc7b32fff]
PM: Registered nosave memory: [mem 0xca36b000-0xca46afff]
PM: Registered nosave memory: [mem 0xca46b000-0xca56afff]
PM: Registered nosave memory: [mem 0xca56b000-0xcb6befff]
PM: Registered nosave memory: [mem 0xcb6bf000-0xcbefefff]
PM: Registered nosave memory: [mem 0xcbeff000-0xcbfc7fff]
PM: Registered nosave memory: [mem 0xcc000000-0xcfffffff]
PM: Registered nosave memory: [mem 0xd0000000-0xdfffffff]
PM: Registered nosave memory: [mem 0xe0000000-0xfed1bfff]
PM: Registered nosave memory: [mem 0xfed1c000-0xfed1ffff]
PM: Registered nosave memory: [mem 0xfed20000-0xffffffff]
e820: [mem 0xe0000000-0xfed1bfff] available for PCI devices
Booting paravirtualized kernel on bare hardware
clocksource: refined-jiffies: mask: 0xffffffff max_cycles: 0xffffffff, max_idle_ns: 7645519600211568 ns
setup_percpu: NR_CPUS:256 nr_cpumask_bits:256 nr_cpu_ids:32 nr_node_ids:2
percpu: Embedded 36 pages/cpu @ffffa0596fa00000 s107352 r8192 d31912 u262144
pcpu-alloc: s107352 r8192 d31912 u262144 alloc=1*2097152
pcpu-alloc: [0] 00 01 02 03 04 05 06 07 [0] 16 17 18 19 20 21 22 23 
pcpu-alloc: [1] 08 09 10 11 12 13 14 15 [1] 24 25 26 27 28 29 30 31 
Built 2 zonelists in Node order, mobility grouping on.  Total pages: 66035557
Policy zone: Normal
Kernel command line: BOOT_IMAGE=/boot/vmlinuz-4.10.0-rc5+ root=UUID=04e7788e-651c-4593-b013-93bf3b6568d4 ro nomdmonddf nomdmonisw
PID hash table entries: 4096 (order: 3, 32768 bytes)
Calgary: detecting Calgary via BIOS EBDA area
Calgary: Unable to locate Rio Grande table in EBDA - bailing!
Memory: 263908108K/268339388K available (8405K kernel code, 1443K rwdata, 3572K rodata, 1636K init, 1152K bss, 4431280K reserved, 0K cma-reserved)
SLUB: HWalign=64, Order=0-3, MinObjects=0, CPUs=32, Nodes=2
Hierarchical RCU implementation.
	Build-time adjustment of leaf fanout to 64.
	RCU restricting CPUs from NR_CPUS=256 to nr_cpu_ids=32.
RCU: Adjusting geometry for rcu_fanout_leaf=64, nr_cpu_ids=32
kmemleak: Kernel memory leak detector disabled
NR_IRQS:16640 nr_irqs:1496 16
Console: colour dummy device 80x25
console [tty0] enabled
kmemleak: Early log buffer exceeded (1971), please increase DEBUG_KMEMLEAK_EARLY_LOG_SIZE
mempolicy: Enabling automatic NUMA balancing. Configure with numa_balancing= or the kernel.numa_balancing sysctl
clocksource: hpet: mask: 0xffffffff max_cycles: 0xffffffff, max_idle_ns: 133484882848 ns
hpet clockevent registered
tsc: Fast TSC calibration using PIT
tsc: Detected 2394.412 MHz processor
Calibrating delay loop (skipped), value calculated using timer frequency.. 4788.82 BogoMIPS (lpj=9577648)
pid_max: default: 32768 minimum: 301
ACPI: Core revision 20160930
ACPI: 4 ACPI AML tables successfully acquired and loaded
Security Framework initialized
Yama: becoming mindful.
AppArmor: AppArmor initialized
Dentry cache hash table entries: 33554432 (order: 16, 268435456 bytes)
Inode-cache hash table entries: 16777216 (order: 15, 134217728 bytes)
Mount-cache hash table entries: 524288 (order: 10, 4194304 bytes)
Mountpoint-cache hash table entries: 524288 (order: 10, 4194304 bytes)
CPU: Physical Processor ID: 0
CPU: Processor Core ID: 0
ENERGY_PERF_BIAS: Set to 'normal', was 'performance'
ENERGY_PERF_BIAS: View and update with x86_energy_perf_policy(8)
mce: CPU supports 22 MCE banks
CPU0: Thermal monitoring enabled (TM1)
process: using mwait in idle threads
Last level iTLB entries: 4KB 1024, 2MB 1024, 4MB 1024
Last level dTLB entries: 4KB 1024, 2MB 1024, 4MB 1024, 1GB 4
Freeing SMP alternatives memory: 32K
efi: requested map not found.
efi: Failed to lookup EFI memory descriptor for 0x00000000cb01a000
ftrace: allocating 32903 entries in 129 pages
smpboot: Max logical packages: 4
DMAR: Host address width 46
DMAR: DRHD base: 0x000000fbffc000 flags: 0x0
DMAR: dmar0: reg_base_addr fbffc000 ver 1:0 cap d2078c106f0466 ecap f020df
DMAR: DRHD base: 0x000000f7ffd000 flags: 0x0
DMAR: dmar1: reg_base_addr f7ffd000 ver 1:0 cap d2008c10ef0466 ecap f0205b
DMAR: DRHD base: 0x000000f7ffc000 flags: 0x1
DMAR: dmar2: reg_base_addr f7ffc000 ver 1:0 cap d2078c106f0466 ecap f020df
DMAR: RMRR base: 0x000000cb022000 end: 0x000000cb024fff
DMAR: ATSR flags: 0x0
DMAR: ATSR flags: 0x0
DMAR-IR: IOAPIC id 10 under DRHD base  0xfbffc000 IOMMU 0
DMAR-IR: IOAPIC id 8 under DRHD base  0xf7ffc000 IOMMU 2
DMAR-IR: IOAPIC id 9 under DRHD base  0xf7ffc000 IOMMU 2
DMAR-IR: HPET id 0 under DRHD base 0xf7ffc000
DMAR-IR: Queued invalidation will be enabled to support x2apic and Intr-remapping.
DMAR-IR: Enabled IRQ remapping in x2apic mode
x2apic enabled
Switched APIC routing to cluster x2apic.
..TIMER: vector=0x30 apic1=0 pin1=2 apic2=-1 pin2=-1
TSC deadline timer enabled
smpboot: CPU0: Intel(R) Xeon(R) CPU E5-2630 v3 @ 2.40GHz (family: 0x6, model: 0x3f, stepping: 0x2)
Performance Events: PEBS fmt2+, Haswell events, 16-deep LBR, full-width counters, Intel PMU driver.
... version:                3
... bit width:              48
... generic registers:      4
... value mask:             0000ffffffffffff
... max period:             00007fffffffffff
... fixed-purpose events:   3
... event mask:             000000070000000f
smp: Bringing up secondary CPUs ...
x86: Booting SMP configuration:
.... node  #0, CPUs:        #1  #2  #3  #4  #5  #6  #7
.... node  #1, CPUs:    #8  #9 #10 #11 #12 #13 #14 #15
.... node  #0, CPUs:   #16 #17 #18 #19 #20 #21 #22 #23
.... node  #1, CPUs:   #24 #25 #26 #27 #28 #29 #30 #31
smp: Brought up 2 nodes, 32 CPUs
smpboot: Total of 32 processors activated (153412.07 BogoMIPS)
devtmpfs: initialized
x86/mm: Memory block size: 2048MB
evm: security.selinux
evm: security.SMACK64
evm: security.SMACK64EXEC
evm: security.SMACK64TRANSMUTE
evm: security.SMACK64MMAP
evm: security.ima
evm: security.capability
PM: Registering ACPI NVS region [mem 0xcb6bf000-0xcbefefff] (8650752 bytes)
clocksource: jiffies: mask: 0xffffffff max_cycles: 0xffffffff, max_idle_ns: 7645041785100000 ns
pinctrl core: initialized pinctrl subsystem
RTC time:  3:43:03, date: 02/03/17
NET: Registered protocol family 16
cpuidle: using governor ladder
cpuidle: using governor menu
PCCT header not found.
ACPI FADT declares the system doesn't support PCIe ASPM, so disable it
ACPI: bus type PCI registered
PCI: MMCONFIG for domain 0000 [bus 00-ff] at [mem 0xd0000000-0xdfffffff] (base 0xd0000000)
PCI: MMCONFIG at [mem 0xd0000000-0xdfffffff] reserved in E820
PCI: Using configuration type 1 for base access
core: PMU erratum BJ122, BV98, HSD29 worked around, HT is on
HugeTLB registered 1 GB page size, pre-allocated 0 pages
HugeTLB registered 2 MB page size, pre-allocated 0 pages
ACPI: Added _OSI(Module Device)
ACPI: Added _OSI(Processor Device)
ACPI: Added _OSI(3.0 _SCP Extensions)
ACPI: Added _OSI(Processor Aggregator Device)
ACPI: [Firmware Bug]: BIOS _OSI(Linux) query ignored
ACPI: Interpreter enabled
ACPI: (supports S0 S3 S4 S5)
ACPI: Using IOAPIC for interrupt routing
PCI: Using host bridge windows from ACPI; if necessary, use "pci=nocrs" and report a bug
ACPI: PCI Root Bridge [UNC1] (domain 0000 [bus ff])
acpi PNP0A03:02: _OSC: OS supports [ExtendedConfig ASPM ClockPM Segments MSI]
acpi PNP0A03:02: _OSC failed (AE_NOT_FOUND); disabling ASPM
PCI host bridge to bus 0000:ff
pci_bus 0000:ff: root bus resource [bus ff]
pci 0000:ff:08.0: [8086:2f80] type 00 class 0x088000
pci 0000:ff:08.2: [8086:2f32] type 00 class 0x110100
pci 0000:ff:08.3: [8086:2f83] type 00 class 0x088000
pci 0000:ff:09.0: [8086:2f90] type 00 class 0x088000
pci 0000:ff:09.2: [8086:2f33] type 00 class 0x110100
pci 0000:ff:09.3: [8086:2f93] type 00 class 0x088000
pci 0000:ff:0b.0: [8086:2f81] type 00 class 0x088000
pci 0000:ff:0b.1: [8086:2f36] type 00 class 0x110100
pci 0000:ff:0b.2: [8086:2f37] type 00 class 0x110100
pci 0000:ff:0c.0: [8086:2fe0] type 00 class 0x088000
pci 0000:ff:0c.1: [8086:2fe1] type 00 class 0x088000
pci 0000:ff:0c.2: [8086:2fe2] type 00 class 0x088000
pci 0000:ff:0c.3: [8086:2fe3] type 00 class 0x088000
pci 0000:ff:0c.4: [8086:2fe4] type 00 class 0x088000
pci 0000:ff:0c.5: [8086:2fe5] type 00 class 0x088000
pci 0000:ff:0c.6: [8086:2fe6] type 00 class 0x088000
pci 0000:ff:0c.7: [8086:2fe7] type 00 class 0x088000
pci 0000:ff:0f.0: [8086:2ff8] type 00 class 0x088000
pci 0000:ff:0f.1: [8086:2ff9] type 00 class 0x088000
pci 0000:ff:0f.4: [8086:2ffc] type 00 class 0x088000
pci 0000:ff:0f.5: [8086:2ffd] type 00 class 0x088000
pci 0000:ff:0f.6: [8086:2ffe] type 00 class 0x088000
pci 0000:ff:10.0: [8086:2f1d] type 00 class 0x088000
pci 0000:ff:10.1: [8086:2f34] type 00 class 0x110100
pci 0000:ff:10.5: [8086:2f1e] type 00 class 0x088000
pci 0000:ff:10.6: [8086:2f7d] type 00 class 0x110100
pci 0000:ff:10.7: [8086:2f1f] type 00 class 0x088000
pci 0000:ff:12.0: [8086:2fa0] type 00 class 0x088000
pci 0000:ff:12.1: [8086:2f30] type 00 class 0x110100
pci 0000:ff:13.0: [8086:2fa8] type 00 class 0x088000
pci 0000:ff:13.1: [8086:2f71] type 00 class 0x088000
pci 0000:ff:13.2: [8086:2faa] type 00 class 0x088000
pci 0000:ff:13.3: [8086:2fab] type 00 class 0x088000
pci 0000:ff:13.4: [8086:2fac] type 00 class 0x088000
pci 0000:ff:13.5: [8086:2fad] type 00 class 0x088000
pci 0000:ff:13.6: [8086:2fae] type 00 class 0x088000
pci 0000:ff:13.7: [8086:2faf] type 00 class 0x088000
pci 0000:ff:14.0: [8086:2fb0] type 00 class 0x088000
pci 0000:ff:14.1: [8086:2fb1] type 00 class 0x088000
pci 0000:ff:14.2: [8086:2fb2] type 00 class 0x088000
pci 0000:ff:14.3: [8086:2fb3] type 00 class 0x088000
pci 0000:ff:14.6: [8086:2fbe] type 00 class 0x088000
pci 0000:ff:14.7: [8086:2fbf] type 00 class 0x088000
pci 0000:ff:15.0: [8086:2fb4] type 00 class 0x088000
pci 0000:ff:15.1: [8086:2fb5] type 00 class 0x088000
pci 0000:ff:15.2: [8086:2fb6] type 00 class 0x088000
pci 0000:ff:15.3: [8086:2fb7] type 00 class 0x088000
pci 0000:ff:16.0: [8086:2f68] type 00 class 0x088000
pci 0000:ff:16.6: [8086:2f6e] type 00 class 0x088000
pci 0000:ff:16.7: [8086:2f6f] type 00 class 0x088000
pci 0000:ff:17.0: [8086:2fd0] type 00 class 0x088000
pci 0000:ff:17.4: [8086:2fb8] type 00 class 0x088000
pci 0000:ff:17.5: [8086:2fb9] type 00 class 0x088000
pci 0000:ff:17.6: [8086:2fba] type 00 class 0x088000
pci 0000:ff:17.7: [8086:2fbb] type 00 class 0x088000
pci 0000:ff:1e.0: [8086:2f98] type 00 class 0x088000
pci 0000:ff:1e.1: [8086:2f99] type 00 class 0x088000
pci 0000:ff:1e.2: [8086:2f9a] type 00 class 0x088000
pci 0000:ff:1e.3: [8086:2fc0] type 00 class 0x088000
pci 0000:ff:1e.4: [8086:2f9c] type 00 class 0x088000
pci 0000:ff:1f.0: [8086:2f88] type 00 class 0x088000
pci 0000:ff:1f.2: [8086:2f8a] type 00 class 0x088000
ACPI: PCI Root Bridge [UNC0] (domain 0000 [bus 7f])
acpi PNP0A03:03: _OSC: OS supports [ExtendedConfig ASPM ClockPM Segments MSI]
acpi PNP0A03:03: _OSC failed (AE_NOT_FOUND); disabling ASPM
PCI host bridge to bus 0000:7f
pci_bus 0000:7f: root bus resource [bus 7f]
pci 0000:7f:08.0: [8086:2f80] type 00 class 0x088000
pci 0000:7f:08.2: [8086:2f32] type 00 class 0x110100
pci 0000:7f:08.3: [8086:2f83] type 00 class 0x088000
pci 0000:7f:09.0: [8086:2f90] type 00 class 0x088000
pci 0000:7f:09.2: [8086:2f33] type 00 class 0x110100
pci 0000:7f:09.3: [8086:2f93] type 00 class 0x088000
pci 0000:7f:0b.0: [8086:2f81] type 00 class 0x088000
pci 0000:7f:0b.1: [8086:2f36] type 00 class 0x110100
pci 0000:7f:0b.2: [8086:2f37] type 00 class 0x110100
pci 0000:7f:0c.0: [8086:2fe0] type 00 class 0x088000
pci 0000:7f:0c.1: [8086:2fe1] type 00 class 0x088000
pci 0000:7f:0c.2: [8086:2fe2] type 00 class 0x088000
pci 0000:7f:0c.3: [8086:2fe3] type 00 class 0x088000
pci 0000:7f:0c.4: [8086:2fe4] type 00 class 0x088000
pci 0000:7f:0c.5: [8086:2fe5] type 00 class 0x088000
pci 0000:7f:0c.6: [8086:2fe6] type 00 class 0x088000
pci 0000:7f:0c.7: [8086:2fe7] type 00 class 0x088000
pci 0000:7f:0f.0: [8086:2ff8] type 00 class 0x088000
pci 0000:7f:0f.1: [8086:2ff9] type 00 class 0x088000
pci 0000:7f:0f.4: [8086:2ffc] type 00 class 0x088000
pci 0000:7f:0f.5: [8086:2ffd] type 00 class 0x088000
pci 0000:7f:0f.6: [8086:2ffe] type 00 class 0x088000
pci 0000:7f:10.0: [8086:2f1d] type 00 class 0x088000
pci 0000:7f:10.1: [8086:2f34] type 00 class 0x110100
pci 0000:7f:10.5: [8086:2f1e] type 00 class 0x088000
pci 0000:7f:10.6: [8086:2f7d] type 00 class 0x110100
pci 0000:7f:10.7: [8086:2f1f] type 00 class 0x088000
pci 0000:7f:12.0: [8086:2fa0] type 00 class 0x088000
pci 0000:7f:12.1: [8086:2f30] type 00 class 0x110100
pci 0000:7f:13.0: [8086:2fa8] type 00 class 0x088000
pci 0000:7f:13.1: [8086:2f71] type 00 class 0x088000
pci 0000:7f:13.2: [8086:2faa] type 00 class 0x088000
pci 0000:7f:13.3: [8086:2fab] type 00 class 0x088000
pci 0000:7f:13.4: [8086:2fac] type 00 class 0x088000
pci 0000:7f:13.5: [8086:2fad] type 00 class 0x088000
pci 0000:7f:13.6: [8086:2fae] type 00 class 0x088000
pci 0000:7f:13.7: [8086:2faf] type 00 class 0x088000
pci 0000:7f:14.0: [8086:2fb0] type 00 class 0x088000
pci 0000:7f:14.1: [8086:2fb1] type 00 class 0x088000
pci 0000:7f:14.2: [8086:2fb2] type 00 class 0x088000
pci 0000:7f:14.3: [8086:2fb3] type 00 class 0x088000
pci 0000:7f:14.6: [8086:2fbe] type 00 class 0x088000
pci 0000:7f:14.7: [8086:2fbf] type 00 class 0x088000
pci 0000:7f:15.0: [8086:2fb4] type 00 class 0x088000
pci 0000:7f:15.1: [8086:2fb5] type 00 class 0x088000
pci 0000:7f:15.2: [8086:2fb6] type 00 class 0x088000
pci 0000:7f:15.3: [8086:2fb7] type 00 class 0x088000
pci 0000:7f:16.0: [8086:2f68] type 00 class 0x088000
pci 0000:7f:16.6: [8086:2f6e] type 00 class 0x088000
pci 0000:7f:16.7: [8086:2f6f] type 00 class 0x088000
pci 0000:7f:17.0: [8086:2fd0] type 00 class 0x088000
pci 0000:7f:17.4: [8086:2fb8] type 00 class 0x088000
pci 0000:7f:17.5: [8086:2fb9] type 00 class 0x088000
pci 0000:7f:17.6: [8086:2fba] type 00 class 0x088000
pci 0000:7f:17.7: [8086:2fbb] type 00 class 0x088000
pci 0000:7f:1e.0: [8086:2f98] type 00 class 0x088000
pci 0000:7f:1e.1: [8086:2f99] type 00 class 0x088000
pci 0000:7f:1e.2: [8086:2f9a] type 00 class 0x088000
pci 0000:7f:1e.3: [8086:2fc0] type 00 class 0x088000
pci 0000:7f:1e.4: [8086:2f9c] type 00 class 0x088000
pci 0000:7f:1f.0: [8086:2f88] type 00 class 0x088000
pci 0000:7f:1f.2: [8086:2f8a] type 00 class 0x088000
ACPI: PCI Root Bridge [PCI0] (domain 0000 [bus 00-7e])
acpi PNP0A08:00: _OSC: OS supports [ExtendedConfig ASPM ClockPM Segments MSI]
acpi PNP0A08:00: _OSC: platform does not support [PCIeHotplug PME]
acpi PNP0A08:00: _OSC: OS now controls [AER PCIeCapability]
acpi PNP0A08:00: FADT indicates ASPM is unsupported, using BIOS configuration
PCI host bridge to bus 0000:00
pci_bus 0000:00: root bus resource [io  0x0000-0x0cf7 window]
pci_bus 0000:00: root bus resource [io  0x1000-0xffff window]
pci_bus 0000:00: root bus resource [mem 0x000a0000-0x000bffff window]
pci_bus 0000:00: root bus resource [mem 0xe0000000-0xf7ffbfff window]
pci_bus 0000:00: root bus resource [bus 00-7e]
pci 0000:00:00.0: [8086:2f00] type 00 class 0x060000
pci 0000:00:01.0: [8086:2f02] type 01 class 0x060400
pci 0000:00:01.0: PME# supported from D0 D3hot D3cold
pci 0000:00:01.0: System wakeup disabled by ACPI
pci 0000:00:01.1: [8086:2f03] type 01 class 0x060400
pci 0000:00:01.1: PME# supported from D0 D3hot D3cold
pci 0000:00:01.1: System wakeup disabled by ACPI
pci 0000:00:02.0: [8086:2f04] type 01 class 0x060400
pci 0000:00:02.0: PME# supported from D0 D3hot D3cold
pci 0000:00:02.0: System wakeup disabled by ACPI
pci 0000:00:03.0: [8086:2f08] type 01 class 0x060400
pci 0000:00:03.0: PME# supported from D0 D3hot D3cold
pci 0000:00:03.0: System wakeup disabled by ACPI
pci 0000:00:05.0: [8086:2f28] type 00 class 0x088000
pci 0000:00:05.1: [8086:2f29] type 00 class 0x088000
pci 0000:00:05.2: [8086:2f2a] type 00 class 0x088000
pci 0000:00:05.4: [8086:2f2c] type 00 class 0x080020
pci 0000:00:05.4: reg 0x10: [mem 0xf333e000-0xf333efff]
pci 0000:00:11.0: [8086:8d7c] type 00 class 0xff0000
pci 0000:00:11.4: [8086:2827] type 00 class 0x010400
pci 0000:00:11.4: reg 0x10: [io  0x40a0-0x40a7]
pci 0000:00:11.4: reg 0x14: [io  0x40b4-0x40b7]
pci 0000:00:11.4: reg 0x18: [io  0x4098-0x409f]
pci 0000:00:11.4: reg 0x1c: [io  0x40b0-0x40b3]
pci 0000:00:11.4: reg 0x20: [io  0x4060-0x407f]
pci 0000:00:11.4: reg 0x24: [mem 0xf333d000-0xf333d7ff]
pci 0000:00:11.4: PME# supported from D3hot
pci 0000:00:14.0: [8086:8d31] type 00 class 0x0c0330
pci 0000:00:14.0: reg 0x10: [mem 0xf3320000-0xf332ffff 64bit]
pci 0000:00:14.0: PME# supported from D3hot D3cold
pci 0000:00:14.0: System wakeup disabled by ACPI
pci 0000:00:16.0: [8086:8d3a] type 00 class 0x078000
pci 0000:00:16.0: reg 0x10: [mem 0xf3335000-0xf333500f 64bit]
pci 0000:00:16.0: PME# supported from D0 D3hot D3cold
pci 0000:00:16.3: [8086:8d3d] type 00 class 0x070002
pci 0000:00:16.3: reg 0x10: [io  0x4090-0x4097]
pci 0000:00:16.3: reg 0x14: [mem 0xf333c000-0xf333cfff]
pci 0000:00:19.0: [8086:15a0] type 00 class 0x020000
pci 0000:00:19.0: reg 0x10: [mem 0xf3300000-0xf331ffff]
pci 0000:00:19.0: reg 0x14: [mem 0xf333b000-0xf333bfff]
pci 0000:00:19.0: reg 0x18: [io  0x4040-0x405f]
pci 0000:00:19.0: PME# supported from D0 D3hot D3cold
pci 0000:00:19.0: System wakeup disabled by ACPI
pci 0000:00:1a.0: [8086:8d2d] type 00 class 0x0c0320
pci 0000:00:1a.0: reg 0x10: [mem 0xf333a000-0xf333a3ff]
pci 0000:00:1a.0: PME# supported from D0 D3hot D3cold
pci 0000:00:1a.0: System wakeup disabled by ACPI
pci 0000:00:1b.0: [8086:8d20] type 00 class 0x040300
pci 0000:00:1b.0: reg 0x10: [mem 0xf3330000-0xf3333fff 64bit]
pci 0000:00:1b.0: PME# supported from D0 D3hot D3cold
pci 0000:00:1c.0: [8086:8d10] type 01 class 0x060400
pci 0000:00:1c.0: PME# supported from D0 D3hot D3cold
pci 0000:00:1c.0: System wakeup disabled by ACPI
pci 0000:00:1c.3: [8086:8d16] type 01 class 0x060400
pci 0000:00:1c.3: PME# supported from D0 D3hot D3cold
pci 0000:00:1c.3: System wakeup disabled by ACPI
pci 0000:00:1c.4: [8086:8d18] type 01 class 0x060400
pci 0000:00:1c.4: PME# supported from D0 D3hot D3cold
pci 0000:00:1c.4: System wakeup disabled by ACPI
pci 0000:00:1d.0: [8086:8d26] type 00 class 0x0c0320
pci 0000:00:1d.0: reg 0x10: [mem 0xf3339000-0xf33393ff]
pci 0000:00:1d.0: PME# supported from D0 D3hot D3cold
pci 0000:00:1d.0: System wakeup disabled by ACPI
pci 0000:00:1f.0: [8086:8d44] type 00 class 0x060100
pci 0000:00:1f.2: [8086:2826] type 00 class 0x010400
pci 0000:00:1f.2: reg 0x10: [io  0x4088-0x408f]
pci 0000:00:1f.2: reg 0x14: [io  0x40ac-0x40af]
pci 0000:00:1f.2: reg 0x18: [io  0x4080-0x4087]
pci 0000:00:1f.2: reg 0x1c: [io  0x40a8-0x40ab]
pci 0000:00:1f.2: reg 0x20: [io  0x4020-0x403f]
pci 0000:00:1f.2: reg 0x24: [mem 0xf3338000-0xf33387ff]
pci 0000:00:1f.2: PME# supported from D3hot
pci 0000:00:1f.3: [8086:8d22] type 00 class 0x0c0500
pci 0000:00:1f.3: reg 0x10: [mem 0xf3334000-0xf33340ff 64bit]
pci 0000:00:1f.3: reg 0x20: [io  0x4000-0x401f]
pci 0000:01:00.0: [1000:0086] type 00 class 0x010700
pci 0000:01:00.0: reg 0x10: [io  0x3000-0x30ff]
pci 0000:01:00.0: reg 0x14: [mem 0xf3240000-0xf324ffff 64bit]
pci 0000:01:00.0: reg 0x1c: [mem 0xf3200000-0xf323ffff 64bit]
pci 0000:01:00.0: reg 0x30: [mem 0xfff00000-0xffffffff pref]
pci 0000:01:00.0: supports D1 D2
pci 0000:00:01.0: PCI bridge to [bus 01]
pci 0000:00:01.0:   bridge window [io  0x3000-0x3fff]
pci 0000:00:01.0:   bridge window [mem 0xf3200000-0xf32fffff]
pci 0000:00:01.1: PCI bridge to [bus 02]
pci 0000:00:02.0: PCI bridge to [bus 03]
pci 0000:04:00.0: [10de:11b4] type 00 class 0x030000
pci 0000:04:00.0: reg 0x10: [mem 0xf2000000-0xf2ffffff]
pci 0000:04:00.0: reg 0x14: [mem 0xe0000000-0xefffffff 64bit pref]
pci 0000:04:00.0: reg 0x1c: [mem 0xf0000000-0xf1ffffff 64bit pref]
pci 0000:04:00.0: reg 0x24: [io  0x2000-0x207f]
pci 0000:04:00.0: reg 0x30: [mem 0xfff80000-0xffffffff pref]
pci 0000:04:00.1: [10de:0e0a] type 00 class 0x040300
pci 0000:04:00.1: reg 0x10: [mem 0xf3000000-0xf3003fff]
pci 0000:00:03.0: PCI bridge to [bus 04]
pci 0000:00:03.0:   bridge window [io  0x2000-0x2fff]
pci 0000:00:03.0:   bridge window [mem 0xf2000000-0xf30fffff]
pci 0000:00:03.0:   bridge window [mem 0xe0000000-0xf1ffffff 64bit pref]
pci 0000:05:00.0: [8086:1533] type 00 class 0x020000
pci 0000:05:00.0: reg 0x10: [mem 0xf3100000-0xf317ffff]
pci 0000:05:00.0: reg 0x18: [io  0x1000-0x101f]
pci 0000:05:00.0: reg 0x1c: [mem 0xf3180000-0xf3183fff]
pci 0000:05:00.0: PME# supported from D0 D3hot D3cold
pci 0000:00:1c.0: PCI bridge to [bus 05]
pci 0000:00:1c.0:   bridge window [io  0x1000-0x1fff]
pci 0000:00:1c.0:   bridge window [mem 0xf3100000-0xf31fffff]
pci 0000:00:1c.3: PCI bridge to [bus 06]
pci 0000:00:1c.4: PCI bridge to [bus 07]
pci_bus 0000:00: on NUMA node 0
ACPI: PCI Interrupt Link [LNKA] (IRQs 3 4 5 6 7 9 10 *11 12 14 15)
ACPI: PCI Interrupt Link [LNKB] (IRQs 3 4 5 6 7 9 *10 11 12 14 15)
ACPI: PCI Interrupt Link [LNKC] (IRQs 3 4 5 6 7 9 10 *11 12 14 15)
ACPI: PCI Interrupt Link [LNKD] (IRQs 3 4 5 6 7 9 10 *11 12 14 15)
ACPI: PCI Interrupt Link [LNKE] (IRQs 3 4 5 6 7 *9 10 11 12 14 15)
ACPI: PCI Interrupt Link [LNKF] (IRQs 3 4 5 6 7 9 10 11 12 14 15) *0, disabled.
ACPI: PCI Interrupt Link [LNKG] (IRQs 3 4 *5 6 7 9 10 11 12 14 15)
ACPI: PCI Interrupt Link [LNKH] (IRQs 3 4 5 6 7 9 10 11 12 14 15) *0, disabled.
ACPI: PCI Root Bridge [PCI1] (domain 0000 [bus 80-fe])
acpi PNP0A08:01: _OSC: OS supports [ExtendedConfig ASPM ClockPM Segments MSI]
acpi PNP0A08:01: _OSC failed (AE_NOT_FOUND); disabling ASPM
acpi PNP0A08:01: host bridge window [io  0x0000 window] (ignored, not CPU addressable)
PCI host bridge to bus 0000:80
pci_bus 0000:80: root bus resource [mem 0xf8000000-0xfbffbfff window]
pci_bus 0000:80: root bus resource [bus 80-fe]
pci 0000:80:00.0: [8086:2f01] type 01 class 0x060400
pci 0000:80:00.0: PME# supported from D0 D3hot D3cold
pci 0000:80:00.0: System wakeup disabled by ACPI
pci 0000:80:01.0: [8086:2f02] type 01 class 0x060400
pci 0000:80:01.0: PME# supported from D0 D3hot D3cold
pci 0000:80:01.0: System wakeup disabled by ACPI
pci 0000:80:01.1: [8086:2f03] type 01 class 0x060400
pci 0000:80:01.1: PME# supported from D0 D3hot D3cold
pci 0000:80:01.1: System wakeup disabled by ACPI
pci 0000:80:02.0: [8086:2f04] type 01 class 0x060400
pci 0000:80:02.0: PME# supported from D0 D3hot D3cold
pci 0000:80:02.0: System wakeup disabled by ACPI
pci 0000:80:03.0: [8086:2f08] type 01 class 0x060400
pci 0000:80:03.0: PME# supported from D0 D3hot D3cold
pci 0000:80:03.0: System wakeup disabled by ACPI
pci 0000:80:03.2: [8086:2f0a] type 01 class 0x060400
pci 0000:80:03.2: PME# supported from D0 D3hot D3cold
pci 0000:80:03.2: System wakeup disabled by ACPI
pci 0000:80:05.0: [8086:2f28] type 00 class 0x088000
pci 0000:80:05.1: [8086:2f29] type 00 class 0x088000
pci 0000:80:05.2: [8086:2f2a] type 00 class 0x088000
pci 0000:80:05.4: [8086:2f2c] type 00 class 0x080020
pci 0000:80:05.4: reg 0x10: [mem 0xf8100000-0xf8100fff]
pci 0000:80:00.0: PCI bridge to [bus 81]
pci 0000:80:01.0: PCI bridge to [bus 82]
pci 0000:80:01.1: PCI bridge to [bus 83]
pci 0000:80:02.0: PCI bridge to [bus 84]
pci 0000:80:03.0: PCI bridge to [bus 85]
pci 0000:86:00.0: [8086:0953] type 00 class 0x010802
pci 0000:86:00.0: reg 0x10: [mem 0xf8000000-0xf8003fff 64bit]
pci 0000:86:00.0: reg 0x30: [mem 0xffff0000-0xffffffff pref]
pci 0000:80:03.2: PCI bridge to [bus 86]
pci 0000:80:03.2:   bridge window [mem 0xf8000000-0xf80fffff]
pci_bus 0000:80: on NUMA node 1
ACPI: Enabled 4 GPEs in block 00 to 3F
pci 0000:04:00.0: vgaarb: setting as boot VGA device
pci 0000:04:00.0: vgaarb: VGA device added: decodes=io+mem,owns=io+mem,locks=none
pci 0000:04:00.0: vgaarb: bridge control possible
vgaarb: loaded
SCSI subsystem initialized
libata version 3.00 loaded.
ACPI: bus type USB registered
usbcore: registered new interface driver usbfs
usbcore: registered new interface driver hub
usbcore: registered new device driver usb
Registered efivars operations
PCI: Using ACPI for IRQ routing
PCI: pci_cache_line_size set to 64 bytes
e820: reserve RAM buffer [mem 0xc7a30000-0xc7ffffff]
e820: reserve RAM buffer [mem 0xca36b000-0xcbffffff]
NetLabel: Initializing
NetLabel:  domain hash size = 128
NetLabel:  protocols = UNLABELED CIPSOv4 CALIPSO
NetLabel:  unlabeled traffic allowed by default
hpet0: at MMIO 0xfed00000, IRQs 2, 8, 0, 0, 0, 0, 0, 0
hpet0: 8 comparators, 64-bit 14.318180 MHz counter
clocksource: Switched to clocksource hpet
VFS: Disk quotas dquot_6.6.0
VFS: Dquot-cache hash table entries: 512 (order 0, 4096 bytes)
AppArmor: AppArmor Filesystem Enabled
pnp: PnP ACPI init
pnp 00:00: Plug and Play ACPI device, IDs PNP0b00 (active)
system 00:01: [io  0x0500-0x053f] has been reserved
system 00:01: [io  0x0400-0x047f] has been reserved
system 00:01: [io  0x0540-0x057f] has been reserved
system 00:01: [io  0x0600-0x061f] has been reserved
system 00:01: [io  0x0ca0-0x0ca5] has been reserved
system 00:01: [io  0x0880-0x0883] has been reserved
system 00:01: [io  0x0800-0x081f] has been reserved
system 00:01: [mem 0xfed1c000-0xfed3ffff] could not be reserved
system 00:01: [mem 0xfed45000-0xfed8bfff] has been reserved
system 00:01: [mem 0xff000000-0xffffffff] has been reserved
system 00:01: [mem 0xfee00000-0xfeefffff] has been reserved
system 00:01: [mem 0xfed12000-0xfed1200f] has been reserved
system 00:01: [mem 0xfed12010-0xfed1201f] has been reserved
system 00:01: [mem 0xfed1b000-0xfed1bfff] has been reserved
system 00:01: Plug and Play ACPI device, IDs PNP0c02 (active)
pnp 00:02: Plug and Play ACPI device, IDs PNP0501 (active)
pnp 00:03: Plug and Play ACPI device, IDs PNP0f03 PNP0f13 (active)
pnp 00:04: Plug and Play ACPI device, IDs PNP0303 PNP030b (active)
pnp 00:05: Plug and Play ACPI device, IDs IFX0102 PNP0c31 (active)
pnp: PnP ACPI: found 6 devices
clocksource: acpi_pm: mask: 0xffffff max_cycles: 0xffffff, max_idle_ns: 2085701024 ns
pci 0000:01:00.0: can't claim BAR 6 [mem 0xfff00000-0xffffffff pref]: no compatible bridge window
pci 0000:04:00.0: can't claim BAR 6 [mem 0xfff80000-0xffffffff pref]: no compatible bridge window
pci 0000:86:00.0: can't claim BAR 6 [mem 0xffff0000-0xffffffff pref]: no compatible bridge window
pci 0000:01:00.0: BAR 6: no space for [mem size 0x00100000 pref]
pci 0000:01:00.0: BAR 6: failed to assign [mem size 0x00100000 pref]
pci 0000:00:01.0: PCI bridge to [bus 01]
pci 0000:00:01.0:   bridge window [io  0x3000-0x3fff]
pci 0000:00:01.0:   bridge window [mem 0xf3200000-0xf32fffff]
pci 0000:00:01.1: PCI bridge to [bus 02]
pci 0000:00:02.0: PCI bridge to [bus 03]
pci 0000:04:00.0: BAR 6: assigned [mem 0xf3080000-0xf30fffff pref]
pci 0000:00:03.0: PCI bridge to [bus 04]
pci 0000:00:03.0:   bridge window [io  0x2000-0x2fff]
pci 0000:00:03.0:   bridge window [mem 0xf2000000-0xf30fffff]
pci 0000:00:03.0:   bridge window [mem 0xe0000000-0xf1ffffff 64bit pref]
pci 0000:00:1c.0: PCI bridge to [bus 05]
pci 0000:00:1c.0:   bridge window [io  0x1000-0x1fff]
pci 0000:00:1c.0:   bridge window [mem 0xf3100000-0xf31fffff]
pci 0000:00:1c.3: PCI bridge to [bus 06]
pci 0000:00:1c.4: PCI bridge to [bus 07]
pci_bus 0000:00: resource 4 [io  0x0000-0x0cf7 window]
pci_bus 0000:00: resource 5 [io  0x1000-0xffff window]
pci_bus 0000:00: resource 6 [mem 0x000a0000-0x000bffff window]
pci_bus 0000:00: resource 7 [mem 0xe0000000-0xf7ffbfff window]
pci_bus 0000:01: resource 0 [io  0x3000-0x3fff]
pci_bus 0000:01: resource 1 [mem 0xf3200000-0xf32fffff]
pci_bus 0000:04: resource 0 [io  0x2000-0x2fff]
pci_bus 0000:04: resource 1 [mem 0xf2000000-0xf30fffff]
pci_bus 0000:04: resource 2 [mem 0xe0000000-0xf1ffffff 64bit pref]
pci_bus 0000:05: resource 0 [io  0x1000-0x1fff]
pci_bus 0000:05: resource 1 [mem 0xf3100000-0xf31fffff]
pci 0000:80:00.0: PCI bridge to [bus 81]
pci 0000:80:01.0: PCI bridge to [bus 82]
pci 0000:80:01.1: PCI bridge to [bus 83]
pci 0000:80:02.0: PCI bridge to [bus 84]
pci 0000:80:03.0: PCI bridge to [bus 85]
pci 0000:86:00.0: BAR 6: assigned [mem 0xf8010000-0xf801ffff pref]
pci 0000:80:03.2: PCI bridge to [bus 86]
pci 0000:80:03.2:   bridge window [mem 0xf8000000-0xf80fffff]
pci_bus 0000:80: resource 4 [mem 0xf8000000-0xfbffbfff window]
pci_bus 0000:86: resource 1 [mem 0xf8000000-0xf80fffff]
NET: Registered protocol family 2
TCP established hash table entries: 524288 (order: 10, 4194304 bytes)
TCP bind hash table entries: 65536 (order: 8, 1048576 bytes)
TCP: Hash tables configured (established 524288 bind 65536)
UDP hash table entries: 65536 (order: 9, 2097152 bytes)
UDP-Lite hash table entries: 65536 (order: 9, 2097152 bytes)
NET: Registered protocol family 1
pci 0000:04:00.0: Video device with shadowed ROM at [mem 0x000c0000-0x000dffff]
PCI: CLS mismatch (32 != 128), using 64 bytes
Trying to unpack rootfs image as initramfs...
Freeing initrd memory: 27608K
PCI-DMA: Using software bounce buffering for IO (SWIOTLB)
software IO TLB [mem 0xbf062000-0xc3062000] (64MB) mapped at [ffffa03a7f062000-ffffa03a83061fff]
Intel CQM monitoring enabled
RAPL PMU: API unit is 2^-32 Joules, 4 fixed counters, 655360 ms ovfl timer
RAPL PMU: hw unit of domain pp0-core 2^-14 Joules
RAPL PMU: hw unit of domain package 2^-14 Joules
RAPL PMU: hw unit of domain dram 2^-14 Joules
RAPL PMU: hw unit of domain pp1-gpu 2^-14 Joules
Scanning for low memory corruption every 60 seconds
futex hash table entries: 8192 (order: 7, 524288 bytes)
audit: initializing netlink subsys (disabled)
audit: type=2000 audit(1486093384.372:1): initialized
Initialise system trusted keyrings
workingset: timestamp_bits=40 max_order=26 bucket_order=0
zbud: loaded
fuse init (API version 7.26)
Key type asymmetric registered
Asymmetric key parser 'x509' registered
Block layer SCSI generic (bsg) driver version 0.4 loaded (major 247)
io scheduler noop registered
io scheduler deadline registered (default)
io scheduler cfq registered
pcieport 0000:00:01.0: AER enabled with IRQ 25
pcieport 0000:00:01.1: AER enabled with IRQ 26
pcieport 0000:00:02.0: AER enabled with IRQ 27
pcieport 0000:00:03.0: AER enabled with IRQ 28
efifb: probing for efifb
efifb: framebuffer at 0xf1000000, using 1920k, total 1920k
efifb: mode is 800x600x32, linelength=3200, pages=1
efifb: scrolling: redraw
efifb: Truecolor: size=8:8:8:8, shift=24:16:8:0
Console: switching to colour frame buffer device 100x37
fb0: EFI VGA frame buffer device
intel_idle: MWAIT substates: 0x2120
intel_idle: v0.4.1 model 0x3F
intel_idle: lapic_timer_reliable_states 0xffffffff
input: Power Button as /devices/LNXSYSTM:00/LNXSYBUS:00/PNP0C0C:00/input/input0
ACPI: Power Button [PWRB]
input: Power Button as /devices/LNXSYSTM:00/LNXPWRBN:00/input/input1
ACPI: Power Button [PWRF]
GHES: HEST is not enabled!
00:02: ttyS0 at I/O 0x3f8 (irq = 4, base_baud = 115200) is a 16550A
serial 0000:00:16.3: enabling device (0000 -> 0003)
0000:00:16.3: ttyS4 at I/O 0x4090 (irq = 17, base_baud = 115200) is a 16550A
Linux agpgart interface v0.103
tpm_tis 00:05: 1.2 TPM (device-id 0x1A, rev-id 16)
tpm tpm0: A TPM error (7) occurred attempting to read a pcr value
tpm tpm0: TPM is disabled/deactivated (0x7)
tpm tpm0: tpm_read_log_acpi: TCPA log area empty
tpm_tis: probe of 00:05 failed with error -5
brd: module loaded
loop: module loaded
libphy: Fixed MDIO Bus: probed
tun: Universal TUN/TAP device driver, 1.6
tun: (C) 1999-2004 Max Krasnyansky <maxk@qualcomm.com>
PPP generic driver version 2.4.2
ehci_hcd: USB 2.0 'Enhanced' Host Controller (EHCI) Driver
ehci-pci: EHCI PCI platform driver
ehci-pci 0000:00:1a.0: EHCI Host Controller
ehci-pci 0000:00:1a.0: new USB bus registered, assigned bus number 1
ehci-pci 0000:00:1a.0: debug port 2
ehci-pci 0000:00:1a.0: cache line size of 64 is not supported
ehci-pci 0000:00:1a.0: irq 18, io mem 0xf333a000
ehci-pci 0000:00:1a.0: USB 2.0 started, EHCI 1.00
usb usb1: New USB device found, idVendor=1d6b, idProduct=0002
usb usb1: New USB device strings: Mfr=3, Product=2, SerialNumber=1
usb usb1: Product: EHCI Host Controller
usb usb1: Manufacturer: Linux 4.10.0-rc5+ ehci_hcd
usb usb1: SerialNumber: 0000:00:1a.0
hub 1-0:1.0: USB hub found
hub 1-0:1.0: 2 ports detected
ehci-pci 0000:00:1d.0: EHCI Host Controller
ehci-pci 0000:00:1d.0: new USB bus registered, assigned bus number 2
ehci-pci 0000:00:1d.0: debug port 2
ehci-pci 0000:00:1d.0: cache line size of 64 is not supported
ehci-pci 0000:00:1d.0: irq 18, io mem 0xf3339000
ehci-pci 0000:00:1d.0: USB 2.0 started, EHCI 1.00
usb usb2: New USB device found, idVendor=1d6b, idProduct=0002
usb usb2: New USB device strings: Mfr=3, Product=2, SerialNumber=1
usb usb2: Product: EHCI Host Controller
usb usb2: Manufacturer: Linux 4.10.0-rc5+ ehci_hcd
usb usb2: SerialNumber: 0000:00:1d.0
hub 2-0:1.0: USB hub found
hub 2-0:1.0: 2 ports detected
ehci-platform: EHCI generic platform driver
ohci_hcd: USB 1.1 'Open' Host Controller (OHCI) Driver
ohci-pci: OHCI PCI platform driver
ohci-platform: OHCI generic platform driver
uhci_hcd: USB Universal Host Controller Interface driver
xhci_hcd 0000:00:14.0: xHCI Host Controller
xhci_hcd 0000:00:14.0: new USB bus registered, assigned bus number 3
xhci_hcd 0000:00:14.0: hcc params 0x200077c1 hci version 0x100 quirks 0x00009810
xhci_hcd 0000:00:14.0: cache line size of 64 is not supported
usb usb3: New USB device found, idVendor=1d6b, idProduct=0002
usb usb3: New USB device strings: Mfr=3, Product=2, SerialNumber=1
usb usb3: Product: xHCI Host Controller
usb usb3: Manufacturer: Linux 4.10.0-rc5+ xhci-hcd
usb usb3: SerialNumber: 0000:00:14.0
hub 3-0:1.0: USB hub found
hub 3-0:1.0: 15 ports detected
xhci_hcd 0000:00:14.0: xHCI Host Controller
xhci_hcd 0000:00:14.0: new USB bus registered, assigned bus number 4
usb usb4: New USB device found, idVendor=1d6b, idProduct=0003
usb usb4: New USB device strings: Mfr=3, Product=2, SerialNumber=1
usb usb4: Product: xHCI Host Controller
usb usb4: Manufacturer: Linux 4.10.0-rc5+ xhci-hcd
usb usb4: SerialNumber: 0000:00:14.0
hub 4-0:1.0: USB hub found
hub 4-0:1.0: 6 ports detected
usb: port power management may be unreliable
i8042: PNP: PS/2 Controller [PNP0303:PS2K,PNP0f03:PS2M] at 0x60,0x64 irq 1,12
serio: i8042 KBD port at 0x60,0x64 irq 1
serio: i8042 AUX port at 0x60,0x64 irq 12
mousedev: PS/2 mouse device common for all mice
rtc_cmos 00:00: RTC can wake from S4
rtc_cmos 00:00: rtc core: registered rtc_cmos as rtc0
rtc_cmos 00:00: alarms up to one month, y3k, 114 bytes nvram, hpet irqs
i2c /dev entries driver
intel_pstate: Intel P-state driver initializing
ledtrig-cpu: registered to indicate activity on CPUs
EFI Variables Facility v0.08 2004-May-17
NET: Registered protocol family 10
Segment Routing with IPv6
NET: Registered protocol family 17
Key type dns_resolver registered
microcode: sig=0x306f2, pf=0x1, revision=0x38
microcode: Microcode Update Driver: v2.2.
registered taskstats version 1
Loading compiled-in X.509 certificates
Loaded X.509 cert 'Build time autogenerated kernel key: 05384768664f4e181ae73d5552d32aa1d10ba633'
zswap: loaded using pool lzo/zbud
Key type big_key registered
Key type trusted registered
Key type encrypted registered
AppArmor: AppArmor sha1 policy hashing enabled
ima: No TPM chip found, activating TPM-bypass! (rc=-19)
evm: HMAC attrs: 0x1
  Magic number: 5:199:714
acpi LNXCPU:1e: hash matches
rtc_cmos 00:00: setting system clock to 2017-02-03 03:43:05 UTC (1486093385)
BIOS EDD facility v0.16 2004-Jun-25, 0 devices found
EDD information not available.
PM: Hibernation image not present or could not be loaded.
Freeing unused kernel memory: 1636K
Write protecting the kernel read-only data: 14336k
Freeing unused kernel memory: 1820K
Freeing unused kernel memory: 524K
systemd-udevd[324]: starting version 204
wmi: module verification failed: signature and/or required key missing - tainting kernel
pps_core: LinuxPPS API ver. 1 registered
pps_core: Software ver. 5.3.6 - Copyright 2005-2007 Rodolfo Giometti <giometti@linux.it>
[drm] Initialized
wmi: Mapper loaded
ahci 0000:00:11.4: version 3.0
ahci 0000:00:11.4: AHCI 0001.0300 32 slots 4 ports 6 Gbps 0xf impl RAID mode
ahci 0000:00:11.4: flags: 64bit ncq led clo pio ems apst 
PTP clock support registered
mpt3sas version 14.101.00.00 loaded
mpt2sas_cm0: 64 BIT PCI BUS DMA ADDRESSING SUPPORTED, total mem (264059544 kB)
dca service started, version 1.12.1
e1000e: Intel(R) PRO/1000 Network Driver - 3.2.6-k
e1000e: Copyright(c) 1999 - 2015 Intel Corporation.
igb: Intel(R) Gigabit Ethernet Network Driver - version 5.4.0-k
igb: Copyright (c) 2007-2014 Intel Corporation.
igb 0000:05:00.0: enabling device (0100 -> 0102)
checking generic (f1000000 1e0000) vs hw (e0000000 10000000)
checking generic (f1000000 1e0000) vs hw (f0000000 2000000)
fb: switching to nouveaufb from EFI VGA
Console: switching to colour dummy device 80x25
nouveau 0000:04:00.0: NVIDIA GK104 (0e4340a2)
scsi host1: ahci
scsi host2: ahci
scsi host3: ahci
scsi host4: ahci
ata1: SATA max UDMA/133 abar m2048@0xf333d000 port 0xf333d100 irq 29
ata2: SATA max UDMA/133 abar m2048@0xf333d000 port 0xf333d180 irq 29
ata3: SATA max UDMA/133 abar m2048@0xf333d000 port 0xf333d200 irq 29
ata4: SATA max UDMA/133 abar m2048@0xf333d000 port 0xf333d280 irq 29
ahci 0000:00:1f.2: AHCI 0001.0300 32 slots 4 ports 6 Gbps 0x3 impl RAID mode
ahci 0000:00:1f.2: flags: 64bit ncq led clo pio ems apst 
scsi host5: ahci
scsi host6: ahci
scsi host7: ahci
scsi host8: ahci
ata5: SATA max UDMA/133 abar m2048@0xf3338000 port 0xf3338100 irq 38
ata6: SATA max UDMA/133 abar m2048@0xf3338000 port 0xf3338180 irq 38
ata7: DUMMY
ata8: DUMMY
mpt2sas_cm0: MSI-X vectors supported: 16, no of cores: 32, max_msix_vectors: -1
mpt2sas0-msix0: PCI-MSI-X enabled: IRQ 39
mpt2sas0-msix1: PCI-MSI-X enabled: IRQ 40
mpt2sas0-msix2: PCI-MSI-X enabled: IRQ 41
mpt2sas0-msix3: PCI-MSI-X enabled: IRQ 42
mpt2sas0-msix4: PCI-MSI-X enabled: IRQ 43
mpt2sas0-msix5: PCI-MSI-X enabled: IRQ 44
mpt2sas0-msix6: PCI-MSI-X enabled: IRQ 45
mpt2sas0-msix7: PCI-MSI-X enabled: IRQ 46
mpt2sas0-msix8: PCI-MSI-X enabled: IRQ 47
mpt2sas0-msix9: PCI-MSI-X enabled: IRQ 48
mpt2sas0-msix10: PCI-MSI-X enabled: IRQ 49
mpt2sas0-msix11: PCI-MSI-X enabled: IRQ 50
mpt2sas0-msix12: PCI-MSI-X enabled: IRQ 51
mpt2sas0-msix13: PCI-MSI-X enabled: IRQ 52
mpt2sas0-msix14: PCI-MSI-X enabled: IRQ 53
mpt2sas0-msix15: PCI-MSI-X enabled: IRQ 54
mpt2sas_cm0: iomem(0x00000000f3240000), mapped(0xffffae7bda9f0000), size(65536)
mpt2sas_cm0: ioport(0x0000000000003000), size(256)
mpt2sas_cm0: sending diag reset !!
nouveau 0000:04:00.0: bios: version 80.04.fe.00.18
pps pps0: new PPS source ptp0
igb 0000:05:00.0: added PHC on eth0
igb 0000:05:00.0: Intel(R) Gigabit Ethernet Network Connection
igb 0000:05:00.0: eth0: (PCIe:2.5Gb/s:Width x1) ec:b1:d7:5f:74:fc
igb 0000:05:00.0: eth0: PBA No: 000300-000
igb 0000:05:00.0: Using MSI-X interrupts. 4 rx queue(s), 4 tx queue(s)
e1000e 0000:00:19.0: enabling device (0140 -> 0142)
e1000e 0000:00:19.0: Interrupt Throttling Rate (ints/sec) set to dynamic conservative mode
nouveau 0000:04:00.0: fb: 4096 MiB GDDR5
usb 1-1: new high-speed USB device number 2 using ehci-pci
usb 3-13: new high-speed USB device number 2 using xhci_hcd
usb 2-1: new high-speed USB device number 2 using ehci-pci
[TTM] Zone  kernel: Available graphics memory: 132029772 kiB
[TTM] Zone   dma32: Available graphics memory: 2097152 kiB
[TTM] Initializing pool allocator
[TTM] Initializing DMA pool allocator
nouveau 0000:04:00.0: DRM: VRAM: 4096 MiB
nouveau 0000:04:00.0: DRM: GART: 1048576 MiB
nouveau 0000:04:00.0: DRM: TMDS table version 2.0
nouveau 0000:04:00.0: DRM: DCB version 4.0
nouveau 0000:04:00.0: DRM: DCB outp 00: 01000f02 00020030
nouveau 0000:04:00.0: DRM: DCB outp 01: 02000f00 00000000
nouveau 0000:04:00.0: DRM: DCB outp 03: 02822fa6 0f420010
nouveau 0000:04:00.0: DRM: DCB outp 04: 02022f62 00020010
nouveau 0000:04:00.0: DRM: DCB outp 05: 04833fb6 0f420010
nouveau 0000:04:00.0: DRM: DCB outp 06: 04033f72 00020010
nouveau 0000:04:00.0: DRM: DCB conn 00: 00001030
nouveau 0000:04:00.0: DRM: DCB conn 02: 00002246
nouveau 0000:04:00.0: DRM: DCB conn 03: 00010346
nouveau 0000:04:00.0: DRM: DCB conn 04: 00000460
tsc: Refined TSC clocksource calibration: 2394.455 MHz
clocksource: tsc: mask: 0xffffffffffffffff max_cycles: 0x2283c1579c6, max_idle_ns: 440795259439 ns
e1000e 0000:00:19.0 0000:00:19.0 (uninitialized): registered PHC clock
[drm] Supports vblank timestamp caching Rev 2 (21.10.2013).
[drm] Driver supports precise vblank timestamp query.
nouveau 0000:04:00.0: hwmon_device_register() is deprecated. Please convert the driver to use hwmon_device_register_with_info().
usb 1-1: New USB device found, idVendor=8087, idProduct=800a
usb 1-1: New USB device strings: Mfr=0, Product=0, SerialNumber=0
hub 1-1:1.0: USB hub found
hub 1-1:1.0: 6 ports detected
usb 3-13: New USB device found, idVendor=0451, idProduct=8142
usb 3-13: New USB device strings: Mfr=0, Product=0, SerialNumber=1
usb 3-13: SerialNumber: 90080859CACD
hub 3-13:1.0: USB hub found
hub 3-13:1.0: 4 ports detected
usb 2-1: New USB device found, idVendor=8087, idProduct=8002
usb 2-1: New USB device strings: Mfr=0, Product=0, SerialNumber=0
hub 2-1:1.0: USB hub found
hub 2-1:1.0: 8 ports detected
ata2: SATA link down (SStatus 0 SControl 300)
ata3: SATA link down (SStatus 0 SControl 300)
ata1: SATA link down (SStatus 0 SControl 300)
ata4: SATA link down (SStatus 0 SControl 300)
ata5: SATA link up 1.5 Gbps (SStatus 113 SControl 300)
ata5.00: ATAPI: hp       DVDRAM GUB0N, SA02, max UDMA/100
ata6: SATA link down (SStatus 0 SControl 300)
ata5.00: configured for UDMA/100
scsi 5:0:0:0: CD-ROM            hp       DVDRAM GUB0N     SA02 PQ: 0 ANSI: 5
sr 5:0:0:0: [sr0] scsi3-mmc drive: 24x/24x writer dvd-ram cd/rw xa/form2 cdda tray
cdrom: Uniform CD-ROM driver Revision: 3.20
sr 5:0:0:0: Attached scsi CD-ROM sr0
sr 5:0:0:0: Attached scsi generic sg0 type 5
usb 4-4: new SuperSpeed USB device number 2 using xhci_hcd
usb 4-4: New USB device found, idVendor=0451, idProduct=8140
usb 4-4: New USB device strings: Mfr=0, Product=0, SerialNumber=0
hub 4-4:1.0: USB hub found
hub 4-4:1.0: 4 ports detected
e1000e 0000:00:19.0 eth1: (PCI Express:2.5GT/s:Width x1) ec:b1:d7:5f:74:fb
e1000e 0000:00:19.0 eth1: Intel(R) PRO/1000 Network Connection
e1000e 0000:00:19.0 eth1: MAC: 11, PHY: 12, PBA No: FFFFFF-0FF
nouveau 0000:04:00.0: DRM: MM: using COPY for buffer copies
[drm] Cannot find any crtc or sizes - going 1024x768
nouveau 0000:04:00.0: DRM: allocated 1024x768 fb: 0x60000, bo ffffa0595e281400
fbcon: nouveaufb (fb0) is primary device
Console: switching to colour frame buffer device 128x48
nouveau 0000:04:00.0: fb0: nouveaufb frame buffer device
e1000e 0000:00:19.0 em1: renamed from eth1
[drm] Initialized nouveau 1.3.1 20120801 for 0000:04:00.0 on minor 0
systemd-udevd[327]: renamed network interface eth1 to em1
mpt2sas_cm0: diag reset: SUCCESS
mpt2sas_cm0: Allocated physical memory: size(7417 kB)
mpt2sas_cm0: Current Controller Queue Depth(2936),Max Controller Queue Depth(3072)
mpt2sas_cm0: Scatter Gather Elements per IO(128)
random: fast init done
mpt2sas_cm0: LSISAS2308: FWVersion(18.10.00.00), ChipRevision(0x05), BiosVersion(07.35.02.00)
mpt2sas_cm0: Protocol=(
Initiator
), 
Capabilities=(
Raid
,TLR
,EEDP
,Snapshot Buffer
,Diag Trace Buffer
,Task Set Full
,NCQ
)
scsi host0: Fusion MPT SAS Host
mpt2sas_cm0: sending port enable !!
clocksource: Switched to clocksource tsc
mpt2sas_cm0: host_add: handle(0x0001), sas_addr(0x50014380328cf9d8), phys(8)
mpt2sas_cm0: port enable: SUCCESS
scsi 0:0:0:0: Direct-Access     ATA      SanDisk SDSSDHII 10RL PQ: 0 ANSI: 6
scsi 0:0:0:0: SATA: handle(0x0009), sas_addr(0x4433221100000000), phy(0), device_name(0x5001b44e8249a043)
scsi 0:0:0:0: SATA: enclosure_logical_id(0x50014380328cf9d8), slot(0)
scsi 0:0:0:0: atapi(n), ncq(y), asyn_notify(n), smart(y), fua(y), sw_preserve(y)
scsi 0:0:1:0: Direct-Access     ATA      SanDisk SDSSDHII 10RL PQ: 0 ANSI: 6
scsi 0:0:1:0: SATA: handle(0x000a), sas_addr(0x4433221101000000), phy(1), device_name(0x5001b44e59a31258)
scsi 0:0:1:0: SATA: enclosure_logical_id(0x50014380328cf9d8), slot(1)
scsi 0:0:1:0: atapi(n), ncq(y), asyn_notify(n), smart(y), fua(y), sw_preserve(y)
sd 0:0:0:0: Attached scsi generic sg1 type 0
sd 0:0:1:0: Attached scsi generic sg2 type 0
sd 0:0:0:0: [sda] 1875385008 512-byte logical blocks: (960 GB/894 GiB)
sd 0:0:1:0: [sdb] 1875385008 512-byte logical blocks: (960 GB/894 GiB)
sd 0:0:0:0: [sda] Write Protect is off
sd 0:0:0:0: [sda] Mode Sense: 7f 00 10 08
sd 0:0:1:0: [sdb] Write Protect is off
sd 0:0:1:0: [sdb] Mode Sense: 7f 00 10 08
sd 0:0:0:0: [sda] Write cache: enabled, read cache: enabled, supports DPO and FUA
sd 0:0:1:0: [sdb] Write cache: enabled, read cache: enabled, supports DPO and FUA
 sdb: sdb1
 sda: sda1 sda2 sda3
sd 0:0:1:0: [sdb] Attached SCSI disk
sd 0:0:0:0: [sda] Attached SCSI disk
raid6: sse2x1   gen()  8232 MB/s
raid6: sse2x1   xor()  6462 MB/s
raid6: sse2x2   gen() 10561 MB/s
raid6: sse2x2   xor()  7050 MB/s
raid6: sse2x4   gen() 12208 MB/s
raid6: sse2x4   xor()  8791 MB/s
raid6: avx2x1   gen() 16655 MB/s
raid6: avx2x1   xor() 12638 MB/s
raid6: avx2x2   gen() 19505 MB/s
raid6: avx2x2   xor() 13054 MB/s
raid6: avx2x4   gen() 22537 MB/s
raid6: avx2x4   xor() 16330 MB/s
raid6: using algorithm avx2x4 gen() 22537 MB/s
raid6: .... xor() 16330 MB/s, rmw enabled
raid6: using avx2x2 recovery algorithm
xor: automatically using best checksumming function   avx       
async_tx: api initialized (async)
Btrfs loaded, crc32c=crc32c-intel
EXT4-fs (sda2): mounted filesystem with ordered data mode. Opts: (null)
init: ureadahead main process (540) terminated with status 5
Adding 33459196k swap on /dev/sda3.  Priority:-1 extents:1 across:33459196k SSFS
EXT4-fs (sda2): re-mounted. Opts: errors=remount-ro
FS-Cache: Loaded
RPC: Registered named UNIX socket transport module.
RPC: Registered udp transport module.
RPC: Registered tcp transport module.
RPC: Registered tcp NFSv4.1 backchannel transport module.
systemd-udevd[824]: starting version 204
FS-Cache: Netfs 'nfs' registered for caching
Installing knfsd (copyright (C) 1996 okir@monad.swb.de).
lp: driver loaded but no devices found
ppdev: user-space parallel port driver
Bluetooth: Core ver 2.22
NET: Registered protocol family 31
Bluetooth: HCI device and connection manager initialized
Bluetooth: HCI socket layer initialized
Bluetooth: L2CAP socket layer initialized
Bluetooth: SCO socket layer initialized
Bluetooth: RFCOMM TTY layer initialized
Bluetooth: RFCOMM socket layer initialized
Bluetooth: RFCOMM ver 1.11
Bluetooth: BNEP (Ethernet Emulation) ver 1.3
Bluetooth: BNEP filters: protocol multicast
Bluetooth: BNEP socket layer initialized
audit: type=1400 audit(1486093397.206:2): apparmor="STATUS" operation="profile_load" name="/usr/lib/cups/backend/cups-pdf" pid=908 comm="apparmor_parser"
audit: type=1400 audit(1486093397.206:3): apparmor="STATUS" operation="profile_load" name="/usr/sbin/cupsd" pid=908 comm="apparmor_parser"
audit: type=1400 audit(1486093397.206:4): apparmor="STATUS" operation="profile_replace" name="/usr/sbin/cupsd" pid=908 comm="apparmor_parser"
init: cups main process (1002) killed by HUP signal
init: cups main process ended, respawning
tpm_inf_pnp 00:05: Found TPM with ID IFX0102
snd_hda_intel 0000:00:1b.0: enabling device (0100 -> 0102)
snd_hda_intel 0000:04:00.1: enabling device (0100 -> 0102)
snd_hda_intel 0000:04:00.1: Disabling MSI
snd_hda_intel 0000:04:00.1: Handle vga_switcheroo audio client
nvme nvme0: pci function 0000:86:00.0
snd_hda_codec_realtek hdaudioC0D0: autoconfig for ALC221: line_outs=1 (0x14/0x0/0x0/0x0/0x0) type:line
snd_hda_codec_realtek hdaudioC0D0:    speaker_outs=1 (0x17/0x0/0x0/0x0/0x0)
snd_hda_codec_realtek hdaudioC0D0:    hp_outs=1 (0x21/0x0/0x0/0x0/0x0)
snd_hda_codec_realtek hdaudioC0D0:    mono: mono_out=0x0
snd_hda_codec_realtek hdaudioC0D0:    inputs:
snd_hda_codec_realtek hdaudioC0D0:      Front Mic=0x1a
snd_hda_codec_realtek hdaudioC0D0:      Front Mic=0x18
snd_hda_codec_realtek hdaudioC0D0:      Line=0x1b
audit: type=1400 audit(1486093397.298:5): apparmor="STATUS" operation="profile_load" name="/sbin/dhclient" pid=1055 comm="apparmor_parser"
audit: type=1400 audit(1486093397.298:6): apparmor="STATUS" operation="profile_load" name="/usr/lib/NetworkManager/nm-dhcp-client.action" pid=1055 comm="apparmor_parser"
audit: type=1400 audit(1486093397.298:7): apparmor="STATUS" operation="profile_load" name="/usr/lib/connman/scripts/dhclient-script" pid=1055 comm="apparmor_parser"
audit: type=1400 audit(1486093397.298:8): apparmor="STATUS" operation="profile_replace" name="/usr/lib/NetworkManager/nm-dhcp-client.action" pid=1055 comm="apparmor_parser"
audit: type=1400 audit(1486093397.298:9): apparmor="STATUS" operation="profile_replace" name="/usr/lib/connman/scripts/dhclient-script" pid=1055 comm="apparmor_parser"
audit: type=1400 audit(1486093397.298:10): apparmor="STATUS" operation="profile_replace" name="/usr/lib/connman/scripts/dhclient-script" pid=1055 comm="apparmor_parser"
AVX2 version of gcm_enc/dec engaged.
AES CTR mode by8 optimization enabled
input: HDA Intel PCH Front Mic as /devices/pci0000:00/0000:00:1b.0/sound/card0/input5
input: HDA Intel PCH Front Mic as /devices/pci0000:00/0000:00:1b.0/sound/card0/input6
input: HDA Intel PCH Line as /devices/pci0000:00/0000:00:1b.0/sound/card0/input7
audit: type=1400 audit(1486093397.306:11): apparmor="STATUS" operation="profile_load" name="/usr/sbin/ntpd" pid=1062 comm="apparmor_parser"
input: HDA Intel PCH Line Out as /devices/pci0000:00/0000:00:1b.0/sound/card0/input8
input: HDA Intel PCH Front Headphone as /devices/pci0000:00/0000:00:1b.0/sound/card0/input9
ACPI Error: Needed [Buffer/String/Package], found [Integer] ffffa07961683438 (20160930/exresop-594)
ACPI Exception: AE_AML_OPERAND_TYPE, While resolving operands for [OpcodeName unavailable] (20160930/dswexec-461)
ACPI Error: Method parse/execution failed [\_SB.WMIV.WVPO] (Node ffffa0596f4d0168), AE_AML_OPERAND_TYPE (20160930/psparse-543)
ACPI Error: Method parse/execution failed [\_SB.WMIV.WMPV] (Node ffffa0596f4d01b8), AE_AML_OPERAND_TYPE (20160930/psparse-543)
ACPI Error: Needed [Buffer/String/Package], found [Integer] ffffa07962ad45e8 (20160930/exresop-594)
ACPI Exception: AE_AML_OPERAND_TYPE, While resolving operands for [OpcodeName unavailable] (20160930/dswexec-461)
ACPI Error: Method parse/execution failed [\_SB.WMIV.WVPO] (Node ffffa0596f4d0168), AE_AML_OPERAND_TYPE (20160930/psparse-543)
ACPI Error: Method parse/execution failed [\_SB.WMIV.WMPV] (Node ffffa0596f4d01b8), AE_AML_OPERAND_TYPE (20160930/psparse-543)
ACPI Error: Needed [Buffer/String/Package], found [Integer] ffffa079622e42d0 (20160930/exresop-594)
ACPI Exception: AE_AML_OPERAND_TYPE, While resolving operands for [OpcodeName unavailable] (20160930/dswexec-461)
ACPI Error: Method parse/execution failed [\_SB.WMIV.WVPO] (Node ffffa0596f4d0168), AE_AML_OPERAND_TYPE (20160930/psparse-543)
ACPI Error: Method parse/execution failed [\_SB.WMIV.WMPV] (Node ffffa0596f4d01b8), AE_AML_OPERAND_TYPE (20160930/psparse-543)
input: HP WMI hotkeys as /devices/virtual/input/input10
ACPI Error: Attempt to CreateField of length zero (20160930/dsopcode-168)
ACPI Error: Method parse/execution failed [\_SB.WMIV.WVPI] (Node ffffa0596f4d0118), AE_AML_OPERAND_VALUE (20160930/psparse-543)
ACPI Error: Method parse/execution failed [\_SB.WMIV.WMPV] (Node ffffa0596f4d01b8), AE_AML_OPERAND_VALUE (20160930/psparse-543)
EDAC MC: Ver: 3.0.0
EDAC sbridge: Seeking for: PCI ID 8086:2fa0
EDAC sbridge: Seeking for: PCI ID 8086:2fa0
EDAC sbridge: Seeking for: PCI ID 8086:2fa0
EDAC sbridge: Seeking for: PCI ID 8086:2ffc
EDAC sbridge: Seeking for: PCI ID 8086:2ffc
EDAC sbridge: Seeking for: PCI ID 8086:2ffc
EDAC sbridge: Seeking for: PCI ID 8086:2ffd
EDAC sbridge: Seeking for: PCI ID 8086:2ffd
EDAC sbridge: Seeking for: PCI ID 8086:2ffd
EDAC sbridge: Seeking for: PCI ID 8086:2f60
EDAC sbridge: Seeking for: PCI ID 8086:2fa8
EDAC sbridge: Seeking for: PCI ID 8086:2fa8
EDAC sbridge: Seeking for: PCI ID 8086:2fa8
EDAC sbridge: Seeking for: PCI ID 8086:2f71
EDAC sbridge: Seeking for: PCI ID 8086:2f71
EDAC sbridge: Seeking for: PCI ID 8086:2f71
EDAC sbridge: Seeking for: PCI ID 8086:2faa
EDAC sbridge: Seeking for: PCI ID 8086:2faa
EDAC sbridge: Seeking for: PCI ID 8086:2faa
EDAC sbridge: Seeking for: PCI ID 8086:2fab
EDAC sbridge: Seeking for: PCI ID 8086:2fab
EDAC sbridge: Seeking for: PCI ID 8086:2fab
EDAC sbridge: Seeking for: PCI ID 8086:2fac
EDAC sbridge: Seeking for: PCI ID 8086:2fac
EDAC sbridge: Seeking for: PCI ID 8086:2fac
EDAC sbridge: Seeking for: PCI ID 8086:2fad
EDAC sbridge: Seeking for: PCI ID 8086:2fad
EDAC sbridge: Seeking for: PCI ID 8086:2fad
EDAC sbridge: Seeking for: PCI ID 8086:2fbd
EDAC sbridge: Seeking for: PCI ID 8086:2fbf
EDAC sbridge: Seeking for: PCI ID 8086:2fbf
EDAC sbridge: Seeking for: PCI ID 8086:2fbf
EDAC sbridge: Seeking for: PCI ID 8086:2fb9
EDAC sbridge: Seeking for: PCI ID 8086:2fb9
EDAC sbridge: Seeking for: PCI ID 8086:2fb9
EDAC sbridge: Seeking for: PCI ID 8086:2fbb
EDAC sbridge: Seeking for: PCI ID 8086:2fbb
EDAC sbridge: Seeking for: PCI ID 8086:2fbb
EDAC sbridge: Seeking for: PCI ID 8086:2f68
EDAC sbridge: Seeking for: PCI ID 8086:2f68
EDAC sbridge: Seeking for: PCI ID 8086:2f68
EDAC sbridge: Seeking for: PCI ID 8086:2f79
EDAC sbridge: Seeking for: PCI ID 8086:2f6a
EDAC sbridge: Seeking for: PCI ID 8086:2f6b
EDAC sbridge: Seeking for: PCI ID 8086:2f6c
EDAC sbridge: Seeking for: PCI ID 8086:2f6d
EDAC MC0: Giving out device to module sbridge_edac.c controller Haswell Socket#0: DEV 0000:ff:12.0 (INTERRUPT)
EDAC MC1: Giving out device to module sbridge_edac.c controller Haswell Socket#1: DEV 0000:7f:12.0 (INTERRUPT)
EDAC sbridge:  Ver: 1.1.1 
intel_rapl: Found RAPL domain package
intel_rapl: Found RAPL domain dram
intel_rapl: DRAM domain energy unit 15300pj
intel_rapl: Found RAPL domain package
intel_rapl: Found RAPL domain dram
intel_rapl: DRAM domain energy unit 15300pj
IPv6: ADDRCONF(NETDEV_UP): eth0: link is not ready
init: Failed to obtain startpar-bridge instance: Unknown parameter: INSTANCE
device-mapper: ioctl: 4.35.0-ioctl (2016-06-23) initialised: dm-devel@redhat.com
input: HDA NVidia HDMI/DP,pcm=3 as /devices/pci0000:00/0000:00:03.0/0000:04:00.1/sound/card1/input11
input: HDA NVidia HDMI/DP,pcm=7 as /devices/pci0000:00/0000:00:03.0/0000:04:00.1/sound/card1/input12
input: HDA NVidia HDMI/DP,pcm=8 as /devices/pci0000:00/0000:00:03.0/0000:04:00.1/sound/card1/input13
igb 0000:05:00.0 eth0: igb: eth0 NIC Link is Up 1000 Mbps Full Duplex, Flow Control: RX/TX
IPv6: ADDRCONF(NETDEV_CHANGE): eth0: link becomes ready
 nvme0n1: p1
BTRFS: device fsid bf4db536-c2b0-4082-9813-c016c5bfdfeb devid 1 transid 750 /dev/nvme0n1p1
init: failsafe main process (1187) killed by TERM signal
random: crng init done
IPv6: ADDRCONF(NETDEV_UP): em1: link is not ready
Ebtables v2.0 registered
ip_tables: (C) 2000-2006 Netfilter Core Team
ip6_tables: (C) 2000-2006 Netfilter Core Team
init: plymouth-upstart-bridge main process ended, respawning
init: plymouth-upstart-bridge main process (2333) terminated with status 1
init: plymouth-upstart-bridge main process ended, respawning
cgroup: systemd-logind (995) created nested cgroup for controller "memory" which has incomplete hierarchy support. Nested cgroups may change behavior in the future.
cgroup: "memory" requires setting use_hierarchy to 1 on the root
bridge: filtering via arp/ip/ip6tables is no longer available by default. Update your scripts to load br_netfilter if you need this.
nf_conntrack version 0.5.0 (65536 buckets, 262144 max)
init: plymouth-stop pre-start process (2478) terminated with status 1
kauditd_printk_skb: 54 callbacks suppressed
audit: type=1400 audit(1486093427.251:30): apparmor="STATUS" operation="profile_replace" name="/usr/lib/cups/backend/cups-pdf" pid=2575 comm="apparmor_parser"
audit: type=1400 audit(1486093427.251:31): apparmor="STATUS" operation="profile_replace" name="/usr/sbin/cupsd" pid=2575 comm="apparmor_parser"
audit: type=1400 audit(1486093427.251:32): apparmor="STATUS" operation="profile_replace" name="/usr/sbin/cupsd" pid=2575 comm="apparmor_parser"
md0: detected capacity change from 0 to 68718428160
f2fs: loading out-of-tree module taints kernel.
usb 3-13.1: new high-speed USB device number 3 using xhci_hcd
usb 3-13.1: New USB device found, idVendor=18d1, idProduct=4ee7
usb 3-13.1: New USB device strings: Mfr=1, Product=2, SerialNumber=3
usb 3-13.1: Product: AOSP on angler
usb 3-13.1: Manufacturer: Huawei
usb 3-13.1: SerialNumber: 8XV7N15C16000412
usb 3-13.1: USB disconnect, device number 3
usb 3-13.1: new high-speed USB device number 4 using xhci_hcd
usb 3-13.1: New USB device found, idVendor=18d1, idProduct=4ee7
usb 3-13.1: New USB device strings: Mfr=1, Product=2, SerialNumber=3
usb 3-13.1: Product: AOSP on angler
usb 3-13.1: Manufacturer: Huawei
usb 3-13.1: SerialNumber: 8XV7N15C16000412
usb 3-13.1: USB disconnect, device number 4
python (24546): drop_caches: 3
python (24546): drop_caches: 3
python (25204): drop_caches: 3
python (25204): drop_caches: 3
python (25739): drop_caches: 3
python (25739): drop_caches: 3
EXT4-fs (md0): mounted filesystem with ordered data mode. Opts: discard
python (16124): drop_caches: 3
python (16124): drop_caches: 3
python (16615): drop_caches: 3
python (16615): drop_caches: 3
python (17090): drop_caches: 3
python (17090): drop_caches: 3
BTRFS: device fsid d84c482a-aca0-4a40-b344-011d3120194f devid 1 transid 4 /dev/md0
BTRFS info (device md0): turning on discard
BTRFS info (device md0): disk space caching is enabled
BTRFS info (device md0): flagging fs with big metadata feature
BTRFS info (device md0): creating UUID tree
python (23923): drop_caches: 3
python (23923): drop_caches: 3
python (24679): drop_caches: 3
python (24679): drop_caches: 3
python (25442): drop_caches: 3
python (25442): drop_caches: 3
python (26209): drop_caches: 3
python (26209): drop_caches: 3
python (26969): drop_caches: 3
python (26969): drop_caches: 3
python (27692): drop_caches: 3
python (27692): drop_caches: 3
python (14744): drop_caches: 3
python (14744): drop_caches: 3
python (15744): drop_caches: 3
python (15744): drop_caches: 3
python (16702): drop_caches: 3
python (16702): drop_caches: 3
EXT4-fs (nvme0n1p1): mounted filesystem with ordered data mode. Opts: discard
python (6417): drop_caches: 3
python (6417): drop_caches: 3
python (7036): drop_caches: 3
python (7036): drop_caches: 3
python (7666): drop_caches: 3
python (7666): drop_caches: 3
BTRFS: device fsid bb1dff03-6486-4b6d-86a3-eb5e6b4b36d7 devid 1 transid 4 /dev/nvme0n1p1
BTRFS info (device nvme0n1p1): turning on discard
BTRFS info (device nvme0n1p1): disk space caching is enabled
BTRFS info (device nvme0n1p1): flagging fs with big metadata feature
BTRFS info (device nvme0n1p1): detected SSD devices, enabling SSD mode
BTRFS info (device nvme0n1p1): creating UUID tree
python (25675): drop_caches: 3
python (25675): drop_caches: 3
python (26588): drop_caches: 3
python (26588): drop_caches: 3
python (27355): drop_caches: 3
python (27355): drop_caches: 3
python (28275): drop_caches: 3
python (28275): drop_caches: 3
python (29221): drop_caches: 3
python (29221): drop_caches: 3
python (30133): drop_caches: 3
python (30133): drop_caches: 3
------------[ cut here ]------------
WARNING: CPU: 5 PID: 0 at block/blk-core.c:2615 blk_update_request+0x34c/0x360
Modules linked in: f2fs(OE) ipt_MASQUERADE(E) nf_nat_masquerade_ipv4(E) iptable_nat(E) nf_nat_ipv4(E) nf_nat(E) nf_conntrack_ipv4(E) nf_defrag_ipv4(E) xt_conntrack(E) nf_conntrack(E) ipt_REJECT(E) nf_reject_ipv4(E) xt_CHECKSUM(E) iptable_mangle(E) xt_tcpudp(E) bridge(E) stp(E) llc(E) ip6table_filter(E) ip6_tables(E) iptable_filter(E) ip_tables(E) ebtable_nat(E) ebtables(E) x_tables(E) snd_hda_codec_hdmi(E) dm_mod(E) intel_rapl(E) sb_edac(E) edac_core(E) x86_pkg_temp_thermal(E) intel_powerclamp(E) coretemp(E) kvm_intel(E) hp_wmi(E) sparse_keymap(E) kvm(E) irqbypass(E) crct10dif_pclmul(E) crc32_pclmul(E) ghash_clmulni_intel(E) pcbc(E) aesni_intel(E) aes_x86_64(E) crypto_simd(E) glue_helper(E) cryptd(E) snd_hda_codec_realtek(E) snd_hda_codec_generic(E) serio_raw(E) nvme(E) nvme_core(E) snd_hda_intel(E)
 snd_hda_codec(E) snd_hda_core(E) snd_seq_midi(E) snd_hwdep(E) snd_seq_midi_event(E) lpc_ich(E) snd_rawmidi(E) snd_pcm(E) mei_me(E) snd_seq(E) mei(E) snd_seq_device(E) snd_timer(E) snd(E) soundcore(E) tpm_infineon(E) bnep(E) rfcomm(E) bluetooth(E) mac_hid(E) parport_pc(E) ppdev(E) lp(E) parport(E) binfmt_misc(E) nfsd(E) auth_rpcgss(E) nfs_acl(E) nfs(E) lockd(E) grace(E) sunrpc(E) fscache(E) nls_iso8859_1(E) btrfs(E) raid10(E) raid456(E) async_raid6_recov(E) async_memcpy(E) async_pq(E) async_xor(E) async_tx(E) xor(E) raid6_pq(E) libcrc32c(E) raid1(E) raid0(E) multipath(E) nouveau(E) mxm_wmi(E) video(E) ttm(E) drm_kms_helper(E) syscopyarea(E) sysfillrect(E) igb(E) sysimgblt(E) e1000e(E) dca(E) psmouse(E) fb_sys_fops(E) mpt3sas(E) ahci(E) ptp(E) raid_class(E) i2c_algo_bit(E) pps_core(E)
 drm(E) libahci(E) scsi_transport_sas(E) wmi(E) [last unloaded: f2fs]
CPU: 5 PID: 0 Comm: swapper/5 Tainted: G           OE   4.10.0-rc5+ #108
Hardware name: Hewlett-Packard HP Z840 Workstation/2129, BIOS M60 v02.23 07/22/2016
Call Trace:
 <IRQ>
 dump_stack+0x63/0x87
 __warn+0xd1/0xf0
 warn_slowpath_null+0x1d/0x20
 blk_update_request+0x34c/0x360
 scsi_end_request+0x34/0x1d0
 scsi_io_completion+0x131/0x620
 scsi_finish_command+0xcf/0x120
 scsi_softirq_done+0x126/0x150
 blk_done_softirq+0x7c/0x90
 __do_softirq+0xc9/0x28c
 irq_exit+0xa5/0xb0
 do_IRQ+0x51/0xd0
 common_interrupt+0x89/0x89
RIP: 0010:cpuidle_enter_state+0xe4/0x260
RSP: 0018:ffffae7bd8a1be78 EFLAGS: 00000246 ORIG_RAX: ffffffffffffffd5
RAX: ffffa0596fb59180 RBX: ffffa0596fb63800 RCX: 000000000000001f
RDX: 0000000000000000 RSI: ffffa0596fb568d8 RDI: 0000000000000000
RBP: ffffae7bd8a1beb0 R08: 0000000000000001 R09: 000000000000a8d5
R10: 0000000000000f01 R11: 0000000000000006 R12: 0000000000000004
R13: 0000000000000005 R14: ffffffff8aebd480 R15: 0000163d5d0c9955
 </IRQ>
 ? cpuidle_enter_state+0xc0/0x260
 cpuidle_enter+0x17/0x20
 call_cpuidle+0x23/0x40
 do_idle+0x172/0x200
 cpu_startup_entry+0x62/0x70
 start_secondary+0x142/0x170
 start_cpu+0x14/0x14
---[ end trace 06bb22dac4bcecbc ]---
sd 0:0:1:0: [sdb] tag#31 FAILED Result: hostbyte=DID_OK driverbyte=DRIVER_SENSE
sd 0:0:1:0: [sdb] tag#31 Sense Key : Illegal Request [current] 
sd 0:0:1:0: [sdb] tag#31 Add. Sense: Logical block address out of range
sd 0:0:1:0: [sdb] tag#31 CDB: Write same(16) 93 08 00 00 00 00 6f 80 07 21 00 48 13 8f 00 00
blk_update_request: critical target error, dev sdb, sector 1870661409
python (3232): drop_caches: 3
python (3232): drop_caches: 3
python (4457): drop_caches: 3
python (4457): drop_caches: 3
python (5736): drop_caches: 3
python (5736): drop_caches: 3
python (7040): drop_caches: 3
python (7040): drop_caches: 3
python (8372): drop_caches: 3
python (8372): drop_caches: 3
python (9752): drop_caches: 3
python (9752): drop_caches: 3
sd 0:0:1:0: [sdb] tag#0 FAILED Result: hostbyte=DID_OK driverbyte=DRIVER_SENSE
sd 0:0:1:0: [sdb] tag#0 Sense Key : Illegal Request [current] 
sd 0:0:1:0: [sdb] tag#0 Add. Sense: Logical block address out of range
sd 0:0:1:0: [sdb] tag#0 CDB: Write same(16) 93 08 00 00 00 00 6f c0 88 00 00 07 92 b0 00 00
blk_update_request: critical target error, dev sdb, sector 1874888704
EXT4-fs (sdb1): mounted filesystem with ordered data mode. Opts: discard
python (10818): drop_caches: 3
python (10818): drop_caches: 3
python (11873): drop_caches: 3
python (11873): drop_caches: 3
python (12900): drop_caches: 3
python (12900): drop_caches: 3
sd 0:0:1:0: [sdb] tag#31 FAILED Result: hostbyte=DID_OK driverbyte=DRIVER_SENSE
sd 0:0:1:0: [sdb] tag#31 Sense Key : Illegal Request [current] 
sd 0:0:1:0: [sdb] tag#31 Add. Sense: Logical block address out of range
sd 0:0:1:0: [sdb] tag#31 CDB: Write same(16) 93 08 00 00 00 00 6f 80 07 21 00 48 13 8f 00 00
blk_update_request: critical target error, dev sdb, sector 1870661409
BTRFS: device fsid 0ff53c20-20cb-438f-80df-f638d9b71e80 devid 1 transid 4 /dev/sdb1
BTRFS info (device sdb1): turning on discard
BTRFS info (device sdb1): disk space caching is enabled
BTRFS info (device sdb1): flagging fs with big metadata feature
BTRFS info (device sdb1): detected SSD devices, enabling SSD mode
BTRFS info (device sdb1): creating UUID tree
python (15598): drop_caches: 3
python (15598): drop_caches: 3
python (16720): drop_caches: 3
python (16720): drop_caches: 3
python (17840): drop_caches: 3
python (17840): drop_caches: 3
------------[ cut here ]------------
WARNING: CPU: 2 PID: 22651 at fs/btrfs/extent-tree.c:5692 btrfs_free_block_groups+0x34e/0x3f0 [btrfs]
Modules linked in: f2fs(OE) ipt_MASQUERADE(E) nf_nat_masquerade_ipv4(E) iptable_nat(E) nf_nat_ipv4(E) nf_nat(E) nf_conntrack_ipv4(E) nf_defrag_ipv4(E) xt_conntrack(E) nf_conntrack(E) ipt_REJECT(E) nf_reject_ipv4(E) xt_CHECKSUM(E) iptable_mangle(E) xt_tcpudp(E) bridge(E) stp(E) llc(E) ip6table_filter(E) ip6_tables(E) iptable_filter(E) ip_tables(E) ebtable_nat(E) ebtables(E) x_tables(E) snd_hda_codec_hdmi(E) dm_mod(E) intel_rapl(E) sb_edac(E) edac_core(E) x86_pkg_temp_thermal(E) intel_powerclamp(E) coretemp(E) kvm_intel(E) hp_wmi(E) sparse_keymap(E) kvm(E) irqbypass(E) crct10dif_pclmul(E) crc32_pclmul(E) ghash_clmulni_intel(E) pcbc(E) aesni_intel(E) aes_x86_64(E) crypto_simd(E) glue_helper(E) cryptd(E) snd_hda_codec_realtek(E) snd_hda_codec_generic(E) serio_raw(E) nvme(E) nvme_core(E) snd_hda_intel(E)
 snd_hda_codec(E) snd_hda_core(E) snd_seq_midi(E) snd_hwdep(E) snd_seq_midi_event(E) lpc_ich(E) snd_rawmidi(E) snd_pcm(E) mei_me(E) snd_seq(E) mei(E) snd_seq_device(E) snd_timer(E) snd(E) soundcore(E) tpm_infineon(E) bnep(E) rfcomm(E) bluetooth(E) mac_hid(E) parport_pc(E) ppdev(E) lp(E) parport(E) binfmt_misc(E) nfsd(E) auth_rpcgss(E) nfs_acl(E) nfs(E) lockd(E) grace(E) sunrpc(E) fscache(E) nls_iso8859_1(E) btrfs(E) raid10(E) raid456(E) async_raid6_recov(E) async_memcpy(E) async_pq(E) async_xor(E) async_tx(E) xor(E) raid6_pq(E) libcrc32c(E) raid1(E) raid0(E) multipath(E) nouveau(E) mxm_wmi(E) video(E) ttm(E) drm_kms_helper(E) syscopyarea(E) sysfillrect(E) igb(E) sysimgblt(E) e1000e(E) dca(E) psmouse(E) fb_sys_fops(E) mpt3sas(E) ahci(E) ptp(E) raid_class(E) i2c_algo_bit(E) pps_core(E)
 drm(E) libahci(E) scsi_transport_sas(E) wmi(E) [last unloaded: f2fs]
CPU: 2 PID: 22651 Comm: umount Tainted: G        W  OE   4.10.0-rc5+ #108
Hardware name: Hewlett-Packard HP Z840 Workstation/2129, BIOS M60 v02.23 07/22/2016
Call Trace:
 dump_stack+0x63/0x87
 __warn+0xd1/0xf0
 warn_slowpath_null+0x1d/0x20
 btrfs_free_block_groups+0x34e/0x3f0 [btrfs]
 close_ctree+0x104/0x2f0 [btrfs]
 btrfs_put_super+0x15/0x20 [btrfs]
 generic_shutdown_super+0x6f/0x100
 kill_anon_super+0x12/0x20
 btrfs_kill_super+0x18/0x110 [btrfs]
 deactivate_locked_super+0x43/0x70
 deactivate_super+0x46/0x60
 cleanup_mnt+0x3f/0x80
 __cleanup_mnt+0x12/0x20
 task_work_run+0x83/0xb0
 exit_to_usermode_loop+0x66/0x92
 syscall_return_slowpath+0x59/0x60
 entry_SYSCALL_64_fastpath+0xab/0xad
RIP: 0033:0x7f2b139c9417
RSP: 002b:00007fffbafb0d18 EFLAGS: 00000246 ORIG_RAX: 00000000000000a6
RAX: 0000000000000000 RBX: 0000000000000000 RCX: 00007f2b139c9417
RDX: 0000000000000000 RSI: 0000000000000000 RDI: 0000000001417750
RBP: 0000000001417750 R08: 0000000000000000 R09: 0000000000000000
R10: 0000000000000000 R11: 0000000000000246 R12: 00000000014177f0
R13: 0000000000000000 R14: 0000000001417670 R15: 0000000001417670
---[ end trace 06bb22dac4bcecbd ]---
------------[ cut here ]------------
WARNING: CPU: 2 PID: 22651 at fs/btrfs/extent-tree.c:5693 btrfs_free_block_groups+0x3e8/0x3f0 [btrfs]
Modules linked in: f2fs(OE) ipt_MASQUERADE(E) nf_nat_masquerade_ipv4(E) iptable_nat(E) nf_nat_ipv4(E) nf_nat(E) nf_conntrack_ipv4(E) nf_defrag_ipv4(E) xt_conntrack(E) nf_conntrack(E) ipt_REJECT(E) nf_reject_ipv4(E) xt_CHECKSUM(E) iptable_mangle(E) xt_tcpudp(E) bridge(E) stp(E) llc(E) ip6table_filter(E) ip6_tables(E) iptable_filter(E) ip_tables(E) ebtable_nat(E) ebtables(E) x_tables(E) snd_hda_codec_hdmi(E) dm_mod(E) intel_rapl(E) sb_edac(E) edac_core(E) x86_pkg_temp_thermal(E) intel_powerclamp(E) coretemp(E) kvm_intel(E) hp_wmi(E) sparse_keymap(E) kvm(E) irqbypass(E) crct10dif_pclmul(E) crc32_pclmul(E) ghash_clmulni_intel(E) pcbc(E) aesni_intel(E) aes_x86_64(E) crypto_simd(E) glue_helper(E) cryptd(E) snd_hda_codec_realtek(E) snd_hda_codec_generic(E) serio_raw(E) nvme(E) nvme_core(E) snd_hda_intel(E)
 snd_hda_codec(E) snd_hda_core(E) snd_seq_midi(E) snd_hwdep(E) snd_seq_midi_event(E) lpc_ich(E) snd_rawmidi(E) snd_pcm(E) mei_me(E) snd_seq(E) mei(E) snd_seq_device(E) snd_timer(E) snd(E) soundcore(E) tpm_infineon(E) bnep(E) rfcomm(E) bluetooth(E) mac_hid(E) parport_pc(E) ppdev(E) lp(E) parport(E) binfmt_misc(E) nfsd(E) auth_rpcgss(E) nfs_acl(E) nfs(E) lockd(E) grace(E) sunrpc(E) fscache(E) nls_iso8859_1(E) btrfs(E) raid10(E) raid456(E) async_raid6_recov(E) async_memcpy(E) async_pq(E) async_xor(E) async_tx(E) xor(E) raid6_pq(E) libcrc32c(E) raid1(E) raid0(E) multipath(E) nouveau(E) mxm_wmi(E) video(E) ttm(E) drm_kms_helper(E) syscopyarea(E) sysfillrect(E) igb(E) sysimgblt(E) e1000e(E) dca(E) psmouse(E) fb_sys_fops(E) mpt3sas(E) ahci(E) ptp(E) raid_class(E) i2c_algo_bit(E) pps_core(E)
 drm(E) libahci(E) scsi_transport_sas(E) wmi(E) [last unloaded: f2fs]
CPU: 2 PID: 22651 Comm: umount Tainted: G        W  OE   4.10.0-rc5+ #108
Hardware name: Hewlett-Packard HP Z840 Workstation/2129, BIOS M60 v02.23 07/22/2016
Call Trace:
 dump_stack+0x63/0x87
 __warn+0xd1/0xf0
 warn_slowpath_null+0x1d/0x20
 btrfs_free_block_groups+0x3e8/0x3f0 [btrfs]
 close_ctree+0x104/0x2f0 [btrfs]
 btrfs_put_super+0x15/0x20 [btrfs]
 generic_shutdown_super+0x6f/0x100
 kill_anon_super+0x12/0x20
 btrfs_kill_super+0x18/0x110 [btrfs]
 deactivate_locked_super+0x43/0x70
 deactivate_super+0x46/0x60
 cleanup_mnt+0x3f/0x80
 __cleanup_mnt+0x12/0x20
 task_work_run+0x83/0xb0
 exit_to_usermode_loop+0x66/0x92
 syscall_return_slowpath+0x59/0x60
 entry_SYSCALL_64_fastpath+0xab/0xad
RIP: 0033:0x7f2b139c9417
RSP: 002b:00007fffbafb0d18 EFLAGS: 00000246 ORIG_RAX: 00000000000000a6
RAX: 0000000000000000 RBX: 0000000000000000 RCX: 00007f2b139c9417
RDX: 0000000000000000 RSI: 0000000000000000 RDI: 0000000001417750
RBP: 0000000001417750 R08: 0000000000000000 R09: 0000000000000000
R10: 0000000000000000 R11: 0000000000000246 R12: 00000000014177f0
R13: 0000000000000000 R14: 0000000001417670 R15: 0000000001417670
---[ end trace 06bb22dac4bcecbe ]---
------------[ cut here ]------------
WARNING: CPU: 2 PID: 22651 at fs/btrfs/extent-tree.c:9829 btrfs_free_block_groups+0x29d/0x3f0 [btrfs]
Modules linked in: f2fs(OE) ipt_MASQUERADE(E) nf_nat_masquerade_ipv4(E) iptable_nat(E) nf_nat_ipv4(E) nf_nat(E) nf_conntrack_ipv4(E) nf_defrag_ipv4(E) xt_conntrack(E) nf_conntrack(E) ipt_REJECT(E) nf_reject_ipv4(E) xt_CHECKSUM(E) iptable_mangle(E) xt_tcpudp(E) bridge(E) stp(E) llc(E) ip6table_filter(E) ip6_tables(E) iptable_filter(E) ip_tables(E) ebtable_nat(E) ebtables(E) x_tables(E) snd_hda_codec_hdmi(E) dm_mod(E) intel_rapl(E) sb_edac(E) edac_core(E) x86_pkg_temp_thermal(E) intel_powerclamp(E) coretemp(E) kvm_intel(E) hp_wmi(E) sparse_keymap(E) kvm(E) irqbypass(E) crct10dif_pclmul(E) crc32_pclmul(E) ghash_clmulni_intel(E) pcbc(E) aesni_intel(E) aes_x86_64(E) crypto_simd(E) glue_helper(E) cryptd(E) snd_hda_codec_realtek(E) snd_hda_codec_generic(E) serio_raw(E) nvme(E) nvme_core(E) snd_hda_intel(E)
 snd_hda_codec(E) snd_hda_core(E) snd_seq_midi(E) snd_hwdep(E) snd_seq_midi_event(E) lpc_ich(E) snd_rawmidi(E) snd_pcm(E) mei_me(E) snd_seq(E) mei(E) snd_seq_device(E) snd_timer(E) snd(E) soundcore(E) tpm_infineon(E) bnep(E) rfcomm(E) bluetooth(E) mac_hid(E) parport_pc(E) ppdev(E) lp(E) parport(E) binfmt_misc(E) nfsd(E) auth_rpcgss(E) nfs_acl(E) nfs(E) lockd(E) grace(E) sunrpc(E) fscache(E) nls_iso8859_1(E) btrfs(E) raid10(E) raid456(E) async_raid6_recov(E) async_memcpy(E) async_pq(E) async_xor(E) async_tx(E) xor(E) raid6_pq(E) libcrc32c(E) raid1(E) raid0(E) multipath(E) nouveau(E) mxm_wmi(E) video(E) ttm(E) drm_kms_helper(E) syscopyarea(E) sysfillrect(E) igb(E) sysimgblt(E) e1000e(E) dca(E) psmouse(E) fb_sys_fops(E) mpt3sas(E) ahci(E) ptp(E) raid_class(E) i2c_algo_bit(E) pps_core(E)
 drm(E) libahci(E) scsi_transport_sas(E) wmi(E) [last unloaded: f2fs]
CPU: 2 PID: 22651 Comm: umount Tainted: G        W  OE   4.10.0-rc5+ #108
Hardware name: Hewlett-Packard HP Z840 Workstation/2129, BIOS M60 v02.23 07/22/2016
Call Trace:
 dump_stack+0x63/0x87
 __warn+0xd1/0xf0
 warn_slowpath_null+0x1d/0x20
 btrfs_free_block_groups+0x29d/0x3f0 [btrfs]
 close_ctree+0x104/0x2f0 [btrfs]
 btrfs_put_super+0x15/0x20 [btrfs]
 generic_shutdown_super+0x6f/0x100
 kill_anon_super+0x12/0x20
 btrfs_kill_super+0x18/0x110 [btrfs]
 deactivate_locked_super+0x43/0x70
 deactivate_super+0x46/0x60
 cleanup_mnt+0x3f/0x80
 __cleanup_mnt+0x12/0x20
 task_work_run+0x83/0xb0
 exit_to_usermode_loop+0x66/0x92
 syscall_return_slowpath+0x59/0x60
 entry_SYSCALL_64_fastpath+0xab/0xad
RIP: 0033:0x7f2b139c9417
RSP: 002b:00007fffbafb0d18 EFLAGS: 00000246 ORIG_RAX: 00000000000000a6
RAX: 0000000000000000 RBX: 0000000000000000 RCX: 00007f2b139c9417
RDX: 0000000000000000 RSI: 0000000000000000 RDI: 0000000001417750
RBP: 0000000001417750 R08: 0000000000000000 R09: 0000000000000000
R10: 0000000000000000 R11: 0000000000000246 R12: 00000000014177f0
R13: 0000000000000000 R14: 0000000001417670 R15: 0000000001417670
---[ end trace 06bb22dac4bcecbf ]---
BTRFS info (device sdb1): space_info 4 has 18446743958825451520 free, is not full
BTRFS info (device sdb1): space_info total=1082130432, used=2048000, pinned=0, reserved=0, may_use=115964116992, readonly=65536
EXT4-fs (md0): mounted filesystem with ordered data mode. Opts: discard
BTRFS: device fsid 05d58c11-2c80-45f4-a4fb-c4e38f287b35 devid 1 transid 4 /dev/md0
BTRFS info (device md0): turning on discard
BTRFS info (device md0): disk space caching is enabled
BTRFS info (device md0): flagging fs with big metadata feature
BTRFS info (device md0): creating UUID tree
EXT4-fs (nvme0n1p1): mounted filesystem with ordered data mode. Opts: discard
BTRFS: device fsid 4c307810-b6b7-40e5-a60d-db5d373fe47e devid 1 transid 4 /dev/nvme0n1p1
BTRFS info (device nvme0n1p1): turning on discard
BTRFS info (device nvme0n1p1): disk space caching is enabled
BTRFS info (device nvme0n1p1): flagging fs with big metadata feature
BTRFS info (device nvme0n1p1): detected SSD devices, enabling SSD mode
BTRFS info (device nvme0n1p1): creating UUID tree
sd 0:0:1:0: [sdb] tag#31 FAILED Result: hostbyte=DID_OK driverbyte=DRIVER_SENSE
sd 0:0:1:0: [sdb] tag#31 Sense Key : Illegal Request [current] 
sd 0:0:1:0: [sdb] tag#31 Add. Sense: Logical block address out of range
sd 0:0:1:0: [sdb] tag#31 CDB: Write same(16) 93 08 00 00 00 00 6f 80 07 21 00 48 13 8f 00 00
blk_update_request: critical target error, dev sdb, sector 1870661409
sd 0:0:1:0: [sdb] tag#0 FAILED Result: hostbyte=DID_OK driverbyte=DRIVER_SENSE
sd 0:0:1:0: [sdb] tag#0 Sense Key : Illegal Request [current] 
sd 0:0:1:0: [sdb] tag#0 Add. Sense: Logical block address out of range
sd 0:0:1:0: [sdb] tag#0 CDB: Write same(16) 93 08 00 00 00 00 6f c0 88 00 00 07 92 b0 00 00
blk_update_request: critical target error, dev sdb, sector 1874888704
EXT4-fs (sdb1): mounted filesystem with ordered data mode. Opts: discard
sd 0:0:1:0: [sdb] tag#31 FAILED Result: hostbyte=DID_OK driverbyte=DRIVER_SENSE
sd 0:0:1:0: [sdb] tag#31 Sense Key : Illegal Request [current] 
sd 0:0:1:0: [sdb] tag#31 Add. Sense: Logical block address out of range
sd 0:0:1:0: [sdb] tag#31 CDB: Write same(16) 93 08 00 00 00 00 6f 80 07 21 00 48 13 8f 00 00
blk_update_request: critical target error, dev sdb, sector 1870661409
BTRFS: device fsid 34644bf7-9478-41fa-b284-d4b2e032a3dd devid 1 transid 4 /dev/sdb1
BTRFS info (device sdb1): turning on discard
BTRFS info (device sdb1): disk space caching is enabled
BTRFS info (device sdb1): flagging fs with big metadata feature
BTRFS info (device sdb1): detected SSD devices, enabling SSD mode
BTRFS info (device sdb1): creating UUID tree
drop-caches (8323): drop_caches: 3
Broke affinity for irq 34
smpboot: CPU 16 is now offline
Broke affinity for irq 34
Broke affinity for irq 67
smpboot: CPU 17 is now offline
Broke affinity for irq 33
Broke affinity for irq 34
Broke affinity for irq 67
Broke affinity for irq 68
smpboot: CPU 18 is now offline
Broke affinity for irq 33
Broke affinity for irq 34
Broke affinity for irq 55
Broke affinity for irq 67
Broke affinity for irq 68
Broke affinity for irq 69
smpboot: CPU 19 is now offline
Broke affinity for irq 33
Broke affinity for irq 34
Broke affinity for irq 55
Broke affinity for irq 67
Broke affinity for irq 68
Broke affinity for irq 69
Broke affinity for irq 70
smpboot: CPU 20 is now offline
Broke affinity for irq 33
Broke affinity for irq 34
Broke affinity for irq 55
Broke affinity for irq 67
Broke affinity for irq 68
Broke affinity for irq 69
Broke affinity for irq 70
Broke affinity for irq 71
smpboot: CPU 21 is now offline
Broke affinity for irq 33
Broke affinity for irq 34
Broke affinity for irq 55
Broke affinity for irq 67
Broke affinity for irq 68
Broke affinity for irq 69
Broke affinity for irq 70
Broke affinity for irq 71
Broke affinity for irq 75
smpboot: CPU 22 is now offline
Broke affinity for irq 33
Broke affinity for irq 34
Broke affinity for irq 55
Broke affinity for irq 67
Broke affinity for irq 68
Broke affinity for irq 69
Broke affinity for irq 70
Broke affinity for irq 71
Broke affinity for irq 75
Broke affinity for irq 76
smpboot: CPU 23 is now offline
Broke affinity for irq 33
Broke affinity for irq 34
Broke affinity for irq 55
Broke affinity for irq 67
Broke affinity for irq 68
Broke affinity for irq 69
Broke affinity for irq 70
Broke affinity for irq 71
Broke affinity for irq 75
Broke affinity for irq 76
Broke affinity for irq 85
smpboot: CPU 24 is now offline
Broke affinity for irq 33
Broke affinity for irq 34
Broke affinity for irq 55
Broke affinity for irq 67
Broke affinity for irq 68
Broke affinity for irq 69
Broke affinity for irq 70
Broke affinity for irq 71
Broke affinity for irq 75
Broke affinity for irq 76
Broke affinity for irq 85
Broke affinity for irq 86
smpboot: CPU 25 is now offline
Broke affinity for irq 33
Broke affinity for irq 34
Broke affinity for irq 55
Broke affinity for irq 67
Broke affinity for irq 68
Broke affinity for irq 69
Broke affinity for irq 70
Broke affinity for irq 71
Broke affinity for irq 75
Broke affinity for irq 76
Broke affinity for irq 85
Broke affinity for irq 86
Broke affinity for irq 87
smpboot: CPU 26 is now offline
Broke affinity for irq 33
Broke affinity for irq 34
Broke affinity for irq 55
Broke affinity for irq 67
Broke affinity for irq 68
Broke affinity for irq 69
Broke affinity for irq 70
Broke affinity for irq 71
Broke affinity for irq 75
Broke affinity for irq 76
Broke affinity for irq 85
Broke affinity for irq 86
Broke affinity for irq 87
Broke affinity for irq 88
smpboot: CPU 27 is now offline
Broke affinity for irq 33
Broke affinity for irq 34
Broke affinity for irq 55
Broke affinity for irq 67
Broke affinity for irq 68
Broke affinity for irq 69
Broke affinity for irq 70
Broke affinity for irq 71
Broke affinity for irq 75
Broke affinity for irq 76
Broke affinity for irq 85
Broke affinity for irq 86
Broke affinity for irq 87
Broke affinity for irq 88
Broke affinity for irq 89
smpboot: CPU 28 is now offline
Broke affinity for irq 33
Broke affinity for irq 34
Broke affinity for irq 55
Broke affinity for irq 67
Broke affinity for irq 68
Broke affinity for irq 69
Broke affinity for irq 70
Broke affinity for irq 71
Broke affinity for irq 75
Broke affinity for irq 76
Broke affinity for irq 85
Broke affinity for irq 86
Broke affinity for irq 87
Broke affinity for irq 88
Broke affinity for irq 89
Broke affinity for irq 90
smpboot: CPU 29 is now offline
Broke affinity for irq 33
Broke affinity for irq 34
Broke affinity for irq 55
Broke affinity for irq 67
Broke affinity for irq 68
Broke affinity for irq 69
Broke affinity for irq 70
Broke affinity for irq 71
Broke affinity for irq 75
Broke affinity for irq 76
Broke affinity for irq 85
Broke affinity for irq 86
Broke affinity for irq 87
Broke affinity for irq 88
Broke affinity for irq 89
Broke affinity for irq 90
Broke affinity for irq 91
smpboot: CPU 30 is now offline
Broke affinity for irq 33
Broke affinity for irq 34
Broke affinity for irq 55
Broke affinity for irq 67
Broke affinity for irq 68
Broke affinity for irq 69
Broke affinity for irq 70
Broke affinity for irq 71
Broke affinity for irq 75
Broke affinity for irq 76
Broke affinity for irq 85
Broke affinity for irq 86
Broke affinity for irq 87
Broke affinity for irq 88
Broke affinity for irq 89
Broke affinity for irq 90
Broke affinity for irq 91
Broke affinity for irq 92
smpboot: CPU 31 is now offline
EXT4-fs (md0): mounted filesystem with ordered data mode. Opts: (null)
drop-caches (8652): drop_caches: 3
drop-caches (8751): drop_caches: 3
BTRFS: device fsid 0cf49e89-6ada-413e-bc06-f51e6dc7ac02 devid 1 transid 4 /dev/md0
BTRFS info (device md0): disk space caching is enabled
BTRFS info (device md0): flagging fs with big metadata feature
BTRFS info (device md0): creating UUID tree
drop-caches (9168): drop_caches: 3
drop-caches (9267): drop_caches: 3
drop-caches (9664): drop_caches: 3
drop-caches (9763): drop_caches: 3
EXT4-fs (md0): mounted filesystem with ordered data mode. Opts: (null)
drop-caches (10102): drop_caches: 3
drop-caches (10202): drop_caches: 3
BTRFS: device fsid dade9501-0f42-43c4-9257-fcf9bc82eae8 devid 1 transid 4 /dev/md0
BTRFS info (device md0): disk space caching is enabled
BTRFS info (device md0): flagging fs with big metadata feature
BTRFS info (device md0): creating UUID tree
drop-caches (10483): drop_caches: 3
drop-caches (10601): drop_caches: 3
drop-caches (10870): drop_caches: 3
drop-caches (10973): drop_caches: 3
EXT4-fs (md0): mounted filesystem with ordered data mode. Opts: (null)
drop-caches (11270): drop_caches: 3
drop-caches (11369): drop_caches: 3
BTRFS: device fsid c1c2684b-fc5c-4880-a92d-79f991485220 devid 1 transid 4 /dev/md0
BTRFS info (device md0): disk space caching is enabled
BTRFS info (device md0): flagging fs with big metadata feature
BTRFS info (device md0): creating UUID tree
drop-caches (11651): drop_caches: 3
drop-caches (11750): drop_caches: 3
drop-caches (12056): drop_caches: 3
drop-caches (12155): drop_caches: 3
EXT4-fs (md0): mounted filesystem with ordered data mode. Opts: (null)
drop-caches (12426): drop_caches: 3
drop-caches (12525): drop_caches: 3
BTRFS: device fsid 3b55e660-1a0c-4717-a2f5-9655e7d53a61 devid 1 transid 4 /dev/md0
BTRFS info (device md0): disk space caching is enabled
BTRFS info (device md0): flagging fs with big metadata feature
BTRFS info (device md0): creating UUID tree
drop-caches (12851): drop_caches: 3
drop-caches (12953): drop_caches: 3
drop-caches (13224): drop_caches: 3
drop-caches (13323): drop_caches: 3
EXT4-fs (md0): mounted filesystem with ordered data mode. Opts: (null)
drop-caches (13614): drop_caches: 3
drop-caches (13689): drop_caches: 3
BTRFS: device fsid 4dff59b3-bdd4-41eb-a0c3-e6a40243aba8 devid 1 transid 4 /dev/md0
BTRFS info (device md0): disk space caching is enabled
BTRFS info (device md0): flagging fs with big metadata feature
BTRFS info (device md0): creating UUID tree
drop-caches (13985): drop_caches: 3
drop-caches (14060): drop_caches: 3
drop-caches (14325): drop_caches: 3
drop-caches (14400): drop_caches: 3
EXT4-fs (md0): mounted filesystem with ordered data mode. Opts: (null)
drop-caches (14664): drop_caches: 3
drop-caches (14739): drop_caches: 3
BTRFS: device fsid 3d1b21d0-c09f-458d-8839-a7bc739add85 devid 1 transid 4 /dev/md0
BTRFS info (device md0): disk space caching is enabled
BTRFS info (device md0): flagging fs with big metadata feature
BTRFS info (device md0): creating UUID tree
drop-caches (15017): drop_caches: 3
drop-caches (15102): drop_caches: 3
drop-caches (15369): drop_caches: 3
drop-caches (15444): drop_caches: 3
EXT4-fs (md0): mounted filesystem with ordered data mode. Opts: (null)
drop-caches (15736): drop_caches: 3
drop-caches (15839): drop_caches: 3
BTRFS: device fsid dc559ff2-6889-45c1-a2ed-de064aa8c0de devid 1 transid 4 /dev/md0
BTRFS info (device md0): disk space caching is enabled
BTRFS info (device md0): flagging fs with big metadata feature
BTRFS info (device md0): creating UUID tree
drop-caches (16162): drop_caches: 3
drop-caches (16264): drop_caches: 3
drop-caches (16566): drop_caches: 3
drop-caches (16668): drop_caches: 3
EXT4-fs (md0): mounted filesystem with ordered data mode. Opts: (null)
drop-caches (16961): drop_caches: 3
drop-caches (17064): drop_caches: 3
BTRFS: device fsid 715f79bc-1fa0-452a-bb81-7a710fdded69 devid 1 transid 4 /dev/md0
BTRFS info (device md0): disk space caching is enabled
BTRFS info (device md0): flagging fs with big metadata feature
BTRFS info (device md0): creating UUID tree
drop-caches (17345): drop_caches: 3
drop-caches (17447): drop_caches: 3
drop-caches (17752): drop_caches: 3
drop-caches (17854): drop_caches: 3
EXT4-fs (md0): mounted filesystem with ordered data mode. Opts: (null)
drop-caches (18114): drop_caches: 3
drop-caches (18812): drop_caches: 3
BTRFS: device fsid 2d9a540f-3a40-4334-a4f7-91d27e034afd devid 1 transid 4 /dev/md0
BTRFS info (device md0): disk space caching is enabled
BTRFS info (device md0): flagging fs with big metadata feature
BTRFS info (device md0): creating UUID tree
drop-caches (19195): drop_caches: 3
drop-caches (19834): drop_caches: 3
drop-caches (20244): drop_caches: 3
drop-caches (21289): drop_caches: 3
EXT4-fs (md0): mounted filesystem with ordered data mode. Opts: (null)
drop-caches (21651): drop_caches: 3
drop-caches (22346): drop_caches: 3
BTRFS: device fsid a259c9fa-41bc-45ee-9ed0-32e481dfd901 devid 1 transid 4 /dev/md0
BTRFS info (device md0): disk space caching is enabled
BTRFS info (device md0): flagging fs with big metadata feature
BTRFS info (device md0): creating UUID tree
drop-caches (22624): drop_caches: 3
drop-caches (31121): drop_caches: 3
drop-caches (31471): drop_caches: 3
drop-caches (31790): drop_caches: 3
EXT4-fs (md0): mounted filesystem with ordered data mode. Opts: (null)
drop-caches (32051): drop_caches: 3
drop-caches (32120): drop_caches: 3
BTRFS: device fsid df4fb2b1-2a31-49d3-a1e7-9e001be766c1 devid 1 transid 4 /dev/md0
BTRFS info (device md0): disk space caching is enabled
BTRFS info (device md0): flagging fs with big metadata feature
BTRFS info (device md0): creating UUID tree
drop-caches (32401): drop_caches: 3
drop-caches (32473): drop_caches: 3
drop-caches (32735): drop_caches: 3
drop-caches (338): drop_caches: 3
EXT4-fs (md0): mounted filesystem with ordered data mode. Opts: (null)
drop-caches (668): drop_caches: 3
drop-caches (737): drop_caches: 3
BTRFS: device fsid 24b5ac91-6850-48be-8e6f-66388c1f75fb devid 1 transid 4 /dev/md0
BTRFS info (device md0): disk space caching is enabled
BTRFS info (device md0): flagging fs with big metadata feature
BTRFS info (device md0): creating UUID tree
drop-caches (1039): drop_caches: 3
drop-caches (1117): drop_caches: 3
drop-caches (1386): drop_caches: 3
drop-caches (1473): drop_caches: 3
EXT4-fs (md0): mounted filesystem with ordered data mode. Opts: (null)
drop-caches (1745): drop_caches: 3
drop-caches (1827): drop_caches: 3
BTRFS: device fsid e88f9912-5da6-4351-90c6-679eb265e3f6 devid 1 transid 4 /dev/md0
BTRFS info (device md0): disk space caching is enabled
BTRFS info (device md0): flagging fs with big metadata feature
BTRFS info (device md0): creating UUID tree
drop-caches (2182): drop_caches: 3
drop-caches (2252): drop_caches: 3
drop-caches (2681): drop_caches: 3
drop-caches (2751): drop_caches: 3
EXT4-fs (md0): mounted filesystem with ordered data mode. Opts: (null)
drop-caches (3065): drop_caches: 3
drop-caches (3137): drop_caches: 3
BTRFS: device fsid 3a685b40-4e0a-4a8a-bcdb-3ac421b2fc10 devid 1 transid 4 /dev/md0
BTRFS info (device md0): disk space caching is enabled
BTRFS info (device md0): flagging fs with big metadata feature
BTRFS info (device md0): creating UUID tree
drop-caches (3422): drop_caches: 3
drop-caches (3503): drop_caches: 3
drop-caches (3808): drop_caches: 3
drop-caches (3880): drop_caches: 3
EXT4-fs (md0): mounted filesystem with ordered data mode. Opts: (null)
drop-caches (4140): drop_caches: 3
drop-caches (4242): drop_caches: 3
BTRFS: device fsid d91a4875-7eb0-4cd3-80d0-be7ddada6e8d devid 1 transid 4 /dev/md0
BTRFS info (device md0): disk space caching is enabled
BTRFS info (device md0): flagging fs with big metadata feature
BTRFS info (device md0): creating UUID tree
drop-caches (4568): drop_caches: 3
drop-caches (4667): drop_caches: 3
drop-caches (4929): drop_caches: 3
drop-caches (5028): drop_caches: 3
EXT4-fs (md0): mounted filesystem with ordered data mode. Opts: (null)
drop-caches (5315): drop_caches: 3
drop-caches (5417): drop_caches: 3
BTRFS: device fsid 9ab825e7-2b0b-4bd7-aafb-b40c586af38d devid 1 transid 4 /dev/md0
BTRFS info (device md0): disk space caching is enabled
BTRFS info (device md0): flagging fs with big metadata feature
BTRFS info (device md0): creating UUID tree
drop-caches (5698): drop_caches: 3
drop-caches (5800): drop_caches: 3
drop-caches (6062): drop_caches: 3
drop-caches (6161): drop_caches: 3
Broke affinity for irq 67
Broke affinity for irq 68
Broke affinity for irq 69
Broke affinity for irq 70
Broke affinity for irq 71
Broke affinity for irq 75
Broke affinity for irq 76
Broke affinity for irq 81
Broke affinity for irq 85
Broke affinity for irq 86
Broke affinity for irq 87
Broke affinity for irq 88
Broke affinity for irq 89
Broke affinity for irq 90
Broke affinity for irq 91
Broke affinity for irq 92
smpboot: CPU 12 is now offline
Broke affinity for irq 67
Broke affinity for irq 68
Broke affinity for irq 69
Broke affinity for irq 70
Broke affinity for irq 71
Broke affinity for irq 75
Broke affinity for irq 76
Broke affinity for irq 81
Broke affinity for irq 82
Broke affinity for irq 85
Broke affinity for irq 86
Broke affinity for irq 87
Broke affinity for irq 88
Broke affinity for irq 89
Broke affinity for irq 90
Broke affinity for irq 91
Broke affinity for irq 92
smpboot: CPU 13 is now offline
Broke affinity for irq 67
Broke affinity for irq 68
Broke affinity for irq 69
Broke affinity for irq 70
Broke affinity for irq 71
Broke affinity for irq 75
Broke affinity for irq 76
Broke affinity for irq 81
Broke affinity for irq 82
Broke affinity for irq 83
Broke affinity for irq 85
Broke affinity for irq 86
Broke affinity for irq 87
Broke affinity for irq 88
Broke affinity for irq 89
Broke affinity for irq 90
Broke affinity for irq 91
Broke affinity for irq 92
smpboot: CPU 14 is now offline
Broke affinity for irq 67
Broke affinity for irq 68
Broke affinity for irq 69
Broke affinity for irq 70
Broke affinity for irq 71
Broke affinity for irq 75
Broke affinity for irq 76
Broke affinity for irq 81
