MemTotal:       264059032 kB
MemFree:        191901268 kB
MemAvailable:   192532524 kB
Buffers:          680172 kB
Cached:          1171868 kB
SwapCached:            0 kB
Active:          1507576 kB
Inactive:         462004 kB
Active(anon):     117060 kB
Inactive(anon):    10444 kB
Active(file):    1390516 kB
Inactive(file):   451560 kB
Unevictable:           0 kB
Mlocked:               0 kB
SwapTotal:      33459196 kB
SwapFree:       33459196 kB
Dirty:                 0 kB
Writeback:             0 kB
AnonPages:        116560 kB
Mapped:            88624 kB
Shmem:             10452 kB
Slab:            2527504 kB
SReclaimable:     560000 kB
SUnreclaim:      1967504 kB
KernelStack:        9776 kB
PageTables:        13172 kB
NFS_Unstable:          0 kB
Bounce:                0 kB
WritebackTmp:          0 kB
CommitLimit:    165488712 kB
Committed_AS:     912824 kB
VmallocTotal:   34359738367 kB
VmallocUsed:           0 kB
VmallocChunk:          0 kB
HardwareCorrupted:     0 kB
AnonHugePages:     22528 kB
ShmemHugePages:        0 kB
ShmemPmdMapped:        0 kB
CmaTotal:              0 kB
CmaFree:               0 kB
HugePages_Total:       0
HugePages_Free:        0
HugePages_Rsvd:        0
HugePages_Surp:        0
Hugepagesize:       2048 kB
DirectMap4k:     1303104 kB
DirectMap2M:    65710080 kB
DirectMap1G:    201326592 kB
