MemTotal:       264059032 kB
MemFree:        190237712 kB
MemAvailable:   189587496 kB
Buffers:            4100 kB
Cached:           702348 kB
SwapCached:            0 kB
Active:           754184 kB
Inactive:          70440 kB
Active(anon):     118896 kB
Inactive(anon):    10456 kB
Active(file):     635288 kB
Inactive(file):    59984 kB
Unevictable:           0 kB
Mlocked:               0 kB
SwapTotal:      33459196 kB
SwapFree:       33459196 kB
Dirty:               436 kB
Writeback:            16 kB
AnonPages:        118664 kB
Mapped:            88580 kB
Shmem:             10456 kB
Slab:            5326680 kB
SReclaimable:     277688 kB
SUnreclaim:      5048992 kB
KernelStack:        9792 kB
PageTables:        13496 kB
NFS_Unstable:          0 kB
Bounce:                0 kB
WritebackTmp:          0 kB
CommitLimit:    165488712 kB
Committed_AS:    1074108 kB
VmallocTotal:   34359738367 kB
VmallocUsed:           0 kB
VmallocChunk:          0 kB
HardwareCorrupted:     0 kB
AnonHugePages:     24576 kB
ShmemHugePages:        0 kB
ShmemPmdMapped:        0 kB
CmaTotal:              0 kB
CmaFree:               0 kB
HugePages_Total:       0
HugePages_Free:        0
HugePages_Rsvd:        0
HugePages_Surp:        0
Hugepagesize:       2048 kB
DirectMap4k:     3578432 kB
DirectMap2M:    105377792 kB
DirectMap1G:    159383552 kB
