MemTotal:       264059032 kB
MemFree:        190718376 kB
MemAvailable:   189868624 kB
Buffers:          142056 kB
Cached:           156396 kB
SwapCached:            0 kB
Active:           363336 kB
Inactive:          54616 kB
Active(anon):     119088 kB
Inactive(anon):    10456 kB
Active(file):     244248 kB
Inactive(file):    44160 kB
Unevictable:           0 kB
Mlocked:               0 kB
SwapTotal:      33459196 kB
SwapFree:       33459196 kB
Dirty:               716 kB
Writeback:             0 kB
AnonPages:        119304 kB
Mapped:            88588 kB
Shmem:             10456 kB
Slab:            5259476 kB
SReclaimable:     285476 kB
SUnreclaim:      4974000 kB
KernelStack:        8816 kB
PageTables:        13368 kB
NFS_Unstable:          0 kB
Bounce:                0 kB
WritebackTmp:          0 kB
CommitLimit:    165488712 kB
Committed_AS:     993052 kB
VmallocTotal:   34359738367 kB
VmallocUsed:           0 kB
VmallocChunk:          0 kB
HardwareCorrupted:     0 kB
AnonHugePages:     24576 kB
ShmemHugePages:        0 kB
ShmemPmdMapped:        0 kB
CmaTotal:              0 kB
CmaFree:               0 kB
HugePages_Total:       0
HugePages_Free:        0
HugePages_Rsvd:        0
HugePages_Surp:        0
Hugepagesize:       2048 kB
DirectMap4k:     3252800 kB
DirectMap2M:    102557696 kB
DirectMap1G:    162529280 kB
