MemTotal:       264059032 kB
MemFree:        192015148 kB
MemAvailable:   191350452 kB
Buffers:          504492 kB
Cached:           158776 kB
SwapCached:            0 kB
Active:           357776 kB
Inactive:         423592 kB
Active(anon):     118840 kB
Inactive(anon):    10456 kB
Active(file):     238936 kB
Inactive(file):   413136 kB
Unevictable:           0 kB
Mlocked:               0 kB
SwapTotal:      33459196 kB
SwapFree:       33459196 kB
Dirty:                 0 kB
Writeback:             0 kB
AnonPages:        118956 kB
Mapped:            88740 kB
Shmem:             10456 kB
Slab:            3596108 kB
SReclaimable:     291928 kB
SUnreclaim:      3304180 kB
KernelStack:        8848 kB
PageTables:        13232 kB
NFS_Unstable:          0 kB
Bounce:                0 kB
WritebackTmp:          0 kB
CommitLimit:    165488712 kB
Committed_AS:     917092 kB
VmallocTotal:   34359738367 kB
VmallocUsed:           0 kB
VmallocChunk:          0 kB
HardwareCorrupted:     0 kB
AnonHugePages:     22528 kB
ShmemHugePages:        0 kB
ShmemPmdMapped:        0 kB
CmaTotal:              0 kB
CmaFree:               0 kB
HugePages_Total:       0
HugePages_Free:        0
HugePages_Rsvd:        0
HugePages_Surp:        0
Hugepagesize:       2048 kB
DirectMap4k:     2558528 kB
DirectMap2M:    93814784 kB
DirectMap1G:    171966464 kB
