MemTotal:       264059032 kB
MemFree:        195251332 kB
MemAvailable:   194564288 kB
Buffers:          495492 kB
Cached:           157040 kB
SwapCached:            0 kB
Active:           355412 kB
Inactive:         413484 kB
Active(anon):     116924 kB
Inactive(anon):    10452 kB
Active(file):     238488 kB
Inactive(file):   403032 kB
Unevictable:           0 kB
Mlocked:               0 kB
SwapTotal:      33459196 kB
SwapFree:       33459196 kB
Dirty:              1276 kB
Writeback:             0 kB
AnonPages:        116460 kB
Mapped:            88744 kB
Shmem:             10452 kB
Slab:             381992 kB
SReclaimable:     257780 kB
SUnreclaim:       124212 kB
KernelStack:        8880 kB
PageTables:        13416 kB
NFS_Unstable:          0 kB
Bounce:                0 kB
WritebackTmp:          0 kB
CommitLimit:    165488712 kB
Committed_AS:     817988 kB
VmallocTotal:   34359738367 kB
VmallocUsed:           0 kB
VmallocChunk:          0 kB
HardwareCorrupted:     0 kB
AnonHugePages:     22528 kB
ShmemHugePages:        0 kB
ShmemPmdMapped:        0 kB
CmaTotal:              0 kB
CmaFree:               0 kB
HugePages_Total:       0
HugePages_Free:        0
HugePages_Rsvd:        0
HugePages_Surp:        0
Hugepagesize:       2048 kB
DirectMap4k:      250432 kB
DirectMap2M:    33208320 kB
DirectMap1G:    234881024 kB
