MemTotal:       264059032 kB
MemFree:        191196720 kB
MemAvailable:   190291900 kB
Buffers:            4880 kB
Cached:           165808 kB
SwapCached:            0 kB
Active:           227272 kB
Inactive:          61944 kB
Active(anon):     118900 kB
Inactive(anon):    10456 kB
Active(file):     108372 kB
Inactive(file):    51488 kB
Unevictable:           0 kB
Mlocked:               0 kB
SwapTotal:      33459196 kB
SwapFree:       33459196 kB
Dirty:              1924 kB
Writeback:           228 kB
AnonPages:        119144 kB
Mapped:            88596 kB
Shmem:             10456 kB
Slab:            4903036 kB
SReclaimable:     303888 kB
SUnreclaim:      4599148 kB
KernelStack:        8832 kB
PageTables:        13444 kB
NFS_Unstable:          0 kB
Bounce:                0 kB
WritebackTmp:          0 kB
CommitLimit:    165488712 kB
Committed_AS:     894520 kB
VmallocTotal:   34359738367 kB
VmallocUsed:           0 kB
VmallocChunk:          0 kB
HardwareCorrupted:     0 kB
AnonHugePages:     26624 kB
ShmemHugePages:        0 kB
ShmemPmdMapped:        0 kB
CmaTotal:              0 kB
CmaFree:               0 kB
HugePages_Total:       0
HugePages_Free:        0
HugePages_Rsvd:        0
HugePages_Surp:        0
Hugepagesize:       2048 kB
DirectMap4k:     2970176 kB
DirectMap2M:    98646016 kB
DirectMap1G:    166723584 kB
