MemTotal:       264059032 kB
MemFree:        194319368 kB
MemAvailable:   193402996 kB
Buffers:            3992 kB
Cached:           163248 kB
SwapCached:            0 kB
Active:           222388 kB
Inactive:          59840 kB
Active(anon):     116484 kB
Inactive(anon):    10452 kB
Active(file):     105904 kB
Inactive(file):    49388 kB
Unevictable:           0 kB
Mlocked:               0 kB
SwapTotal:      33459196 kB
SwapFree:       33459196 kB
Dirty:              1648 kB
Writeback:             0 kB
AnonPages:        116540 kB
Mapped:            88600 kB
Shmem:             10452 kB
Slab:            1789052 kB
SReclaimable:     285352 kB
SUnreclaim:      1503700 kB
KernelStack:        8816 kB
PageTables:        13060 kB
NFS_Unstable:          0 kB
Bounce:                0 kB
WritebackTmp:          0 kB
CommitLimit:    165488712 kB
Committed_AS:     960468 kB
VmallocTotal:   34359738367 kB
VmallocUsed:           0 kB
VmallocChunk:          0 kB
HardwareCorrupted:     0 kB
AnonHugePages:     22528 kB
ShmemHugePages:        0 kB
ShmemPmdMapped:        0 kB
CmaTotal:              0 kB
CmaFree:               0 kB
HugePages_Total:       0
HugePages_Free:        0
HugePages_Rsvd:        0
HugePages_Surp:        0
Hugepagesize:       2048 kB
DirectMap4k:      637504 kB
DirectMap2M:    48549888 kB
DirectMap1G:    219152384 kB
