MemTotal:       264059032 kB
MemFree:        190848104 kB
MemAvailable:   189924460 kB
Buffers:            4860 kB
Cached:           155216 kB
SwapCached:            0 kB
Active:           224160 kB
Inactive:          54592 kB
Active(anon):     119060 kB
Inactive(anon):    10456 kB
Active(file):     105100 kB
Inactive(file):    44136 kB
Unevictable:           0 kB
Mlocked:               0 kB
SwapTotal:      33459196 kB
SwapFree:       33459196 kB
Dirty:               192 kB
Writeback:             0 kB
AnonPages:        118440 kB
Mapped:            88604 kB
Shmem:             10456 kB
Slab:            5259764 kB
SReclaimable:     276860 kB
SUnreclaim:      4982904 kB
KernelStack:        9392 kB
PageTables:        13288 kB
NFS_Unstable:          0 kB
Bounce:                0 kB
WritebackTmp:          0 kB
CommitLimit:    165488712 kB
Committed_AS:     925984 kB
VmallocTotal:   34359738367 kB
VmallocUsed:           0 kB
VmallocChunk:          0 kB
HardwareCorrupted:     0 kB
AnonHugePages:     24576 kB
ShmemHugePages:        0 kB
ShmemPmdMapped:        0 kB
CmaTotal:              0 kB
CmaFree:               0 kB
HugePages_Total:       0
HugePages_Free:        0
HugePages_Rsvd:        0
HugePages_Surp:        0
Hugepagesize:       2048 kB
DirectMap4k:     3131968 kB
DirectMap2M:    102678528 kB
DirectMap1G:    162529280 kB
