MemTotal:       264059032 kB
MemFree:        193966604 kB
MemAvailable:   193038428 kB
Buffers:            4904 kB
Cached:           154804 kB
SwapCached:            0 kB
Active:           221644 kB
Inactive:          54740 kB
Active(anon):     116568 kB
Inactive(anon):    10452 kB
Active(file):     105076 kB
Inactive(file):    44288 kB
Unevictable:           0 kB
Mlocked:               0 kB
SwapTotal:      33459196 kB
SwapFree:       33459196 kB
Dirty:                 0 kB
Writeback:             0 kB
AnonPages:        116476 kB
Mapped:            88648 kB
Shmem:             10452 kB
Slab:            2160308 kB
SReclaimable:     267668 kB
SUnreclaim:      1892640 kB
KernelStack:       10192 kB
PageTables:        13404 kB
NFS_Unstable:          0 kB
Bounce:                0 kB
WritebackTmp:          0 kB
CommitLimit:    165488712 kB
Committed_AS:     993412 kB
VmallocTotal:   34359738367 kB
VmallocUsed:           0 kB
VmallocChunk:          0 kB
HardwareCorrupted:     0 kB
AnonHugePages:     22528 kB
ShmemHugePages:        0 kB
ShmemPmdMapped:        0 kB
CmaTotal:              0 kB
CmaFree:               0 kB
HugePages_Total:       0
HugePages_Free:        0
HugePages_Rsvd:        0
HugePages_Surp:        0
Hugepagesize:       2048 kB
DirectMap4k:      807488 kB
DirectMap2M:    66205696 kB
DirectMap1G:    201326592 kB
