MemTotal:       264059032 kB
MemFree:        193891708 kB
MemAvailable:   192963648 kB
Buffers:            4648 kB
Cached:           154620 kB
SwapCached:            0 kB
Active:           221496 kB
Inactive:          54060 kB
Active(anon):     117160 kB
Inactive(anon):    10444 kB
Active(file):     104336 kB
Inactive(file):    43616 kB
Unevictable:           0 kB
Mlocked:               0 kB
SwapTotal:      33459196 kB
SwapFree:       33459196 kB
Dirty:                 0 kB
Writeback:             0 kB
AnonPages:        117516 kB
Mapped:            88944 kB
Shmem:             10452 kB
Slab:            2236644 kB
SReclaimable:     269316 kB
SUnreclaim:      1967328 kB
KernelStack:        9008 kB
PageTables:        13568 kB
NFS_Unstable:          0 kB
Bounce:                0 kB
WritebackTmp:          0 kB
CommitLimit:    165488712 kB
Committed_AS:     926120 kB
VmallocTotal:   34359738367 kB
VmallocUsed:           0 kB
VmallocChunk:          0 kB
HardwareCorrupted:     0 kB
AnonHugePages:     24576 kB
ShmemHugePages:        0 kB
ShmemPmdMapped:        0 kB
CmaTotal:              0 kB
CmaFree:               0 kB
HugePages_Total:       0
HugePages_Free:        0
HugePages_Rsvd:        0
HugePages_Surp:        0
Hugepagesize:       2048 kB
DirectMap4k:     1303104 kB
DirectMap2M:    65710080 kB
DirectMap1G:    201326592 kB
