MemTotal:       264059032 kB
MemFree:        190780048 kB
MemAvailable:   189859988 kB
Buffers:            5400 kB
Cached:           157116 kB
SwapCached:            0 kB
Active:           224052 kB
Inactive:          56724 kB
Active(anon):     119016 kB
Inactive(anon):    10456 kB
Active(file):     105036 kB
Inactive(file):    46268 kB
Unevictable:           0 kB
Mlocked:               0 kB
SwapTotal:      33459196 kB
SwapFree:       33459196 kB
Dirty:                84 kB
Writeback:             0 kB
AnonPages:        119264 kB
Mapped:            88600 kB
Shmem:             10456 kB
Slab:            5335284 kB
SReclaimable:     281964 kB
SUnreclaim:      5053320 kB
KernelStack:        9008 kB
PageTables:        13352 kB
NFS_Unstable:          0 kB
Bounce:                0 kB
WritebackTmp:          0 kB
CommitLimit:    165488712 kB
Committed_AS:     854828 kB
VmallocTotal:   34359738367 kB
VmallocUsed:           0 kB
VmallocChunk:          0 kB
HardwareCorrupted:     0 kB
AnonHugePages:     22528 kB
ShmemHugePages:        0 kB
ShmemPmdMapped:        0 kB
CmaTotal:              0 kB
CmaFree:               0 kB
HugePages_Total:       0
HugePages_Free:        0
HugePages_Rsvd:        0
HugePages_Surp:        0
Hugepagesize:       2048 kB
DirectMap4k:     3578432 kB
DirectMap2M:    105377792 kB
DirectMap1G:    159383552 kB
