MemTotal:       264059032 kB
MemFree:        194213372 kB
MemAvailable:   193355756 kB
Buffers:          138760 kB
Cached:           156568 kB
SwapCached:            0 kB
Active:           355776 kB
Inactive:          54968 kB
Active(anon):     116520 kB
Inactive(anon):    10452 kB
Active(file):     239256 kB
Inactive(file):    44516 kB
Unevictable:           0 kB
Mlocked:               0 kB
SwapTotal:      33459196 kB
SwapFree:       33459196 kB
Dirty:               120 kB
Writeback:             0 kB
AnonPages:        116488 kB
Mapped:            88596 kB
Shmem:             10452 kB
Slab:            1773000 kB
SReclaimable:     274380 kB
SUnreclaim:      1498620 kB
KernelStack:        8752 kB
PageTables:        13032 kB
NFS_Unstable:          0 kB
Bounce:                0 kB
WritebackTmp:          0 kB
CommitLimit:    165488712 kB
Committed_AS:    1017012 kB
VmallocTotal:   34359738367 kB
VmallocUsed:           0 kB
VmallocChunk:          0 kB
HardwareCorrupted:     0 kB
AnonHugePages:     20480 kB
ShmemHugePages:        0 kB
ShmemPmdMapped:        0 kB
CmaTotal:              0 kB
CmaFree:               0 kB
HugePages_Total:       0
HugePages_Free:        0
HugePages_Rsvd:        0
HugePages_Surp:        0
Hugepagesize:       2048 kB
DirectMap4k:      637504 kB
DirectMap2M:    48549888 kB
DirectMap1G:    219152384 kB
