MemTotal:       264059032 kB
MemFree:        191098556 kB
MemAvailable:   190246044 kB
Buffers:          139036 kB
Cached:           156180 kB
SwapCached:            0 kB
Active:           360080 kB
Inactive:          54560 kB
Active(anon):     119208 kB
Inactive(anon):    10456 kB
Active(file):     240872 kB
Inactive(file):    44104 kB
Unevictable:           0 kB
Mlocked:               0 kB
SwapTotal:      33459196 kB
SwapFree:       33459196 kB
Dirty:                 0 kB
Writeback:           232 kB
AnonPages:        119324 kB
Mapped:            88648 kB
Shmem:             10456 kB
Slab:            4879312 kB
SReclaimable:     283392 kB
SUnreclaim:      4595920 kB
KernelStack:        8864 kB
PageTables:        13560 kB
NFS_Unstable:          0 kB
Bounce:                0 kB
WritebackTmp:          0 kB
CommitLimit:    165488712 kB
Committed_AS:     952632 kB
VmallocTotal:   34359738367 kB
VmallocUsed:           0 kB
VmallocChunk:          0 kB
HardwareCorrupted:     0 kB
AnonHugePages:     24576 kB
ShmemHugePages:        0 kB
ShmemPmdMapped:        0 kB
CmaTotal:              0 kB
CmaFree:               0 kB
HugePages_Total:       0
HugePages_Free:        0
HugePages_Rsvd:        0
HugePages_Surp:        0
Hugepagesize:       2048 kB
DirectMap4k:     2970176 kB
DirectMap2M:    98646016 kB
DirectMap1G:    166723584 kB
